Component: ARM Compiler 5.06 (build 20) Tool: armlink [4d35a3]

==============================================================================

Section Cross References

    app_communication.o(i.Communication_ChangIp) refers to app_info.o(i.Info_WriteIp) for Info_WriteIp
    app_communication.o(i.Communication_ChangIp) refers to app_communication.o(i.Communication_BytesChecker) for Communication_BytesChecker
    app_communication.o(i.Communication_ChangIp) refers to app_communication.o(.data) for ip_info
    app_communication.o(i.Communication_CheckFail) refers to memcpya.o(.text) for __aeabi_memcpy
    app_communication.o(i.Communication_CheckFail) refers to app_communication.o(i.Communication_BytesChecker) for Communication_BytesChecker
    app_communication.o(i.Communication_CheckFail) refers to app_communication.o(.data) for check_fail_info
    app_communication.o(i.Communication_CloseLight) refers to app_communication.o(i.Communication_BytesChecker) for Communication_BytesChecker
    app_communication.o(i.Communication_CloseLight) refers to app_communication.o(.data) for close_light
    app_communication.o(i.Communication_CloseLock) refers to app_communication.o(i.Communication_BytesChecker) for Communication_BytesChecker
    app_communication.o(i.Communication_CloseLock) refers to app_communication.o(.data) for close_lock
    app_communication.o(i.Communication_DealData) refers to printf8.o(i.__0printf$8) for __2printf
    app_communication.o(i.Communication_DealData) refers to memcpya.o(.text) for __aeabi_memcpy
    app_communication.o(i.Communication_DealData) refers to app_communication.o(i.Communication_BytesChecker) for Communication_BytesChecker
    app_communication.o(i.Communication_DealData) refers to memcmp.o(.text) for memcmp
    app_communication.o(i.Communication_DealData) refers to app_communication.o(i.Communication_GetDevInfo) for Communication_GetDevInfo
    app_communication.o(i.Communication_DealData) refers to app_communication.o(i.Communication_GetHeartBeatInfo) for Communication_GetHeartBeatInfo
    app_communication.o(i.Communication_DealData) refers to app_communication.o(i.Communication_ChangIp) for Communication_ChangIp
    app_communication.o(i.Communication_DealData) refers to app_communication.o(i.Communication_IRLearn) for Communication_IRLearn
    app_communication.o(i.Communication_DealData) refers to app_communication.o(i.Communication_IRPerform) for Communication_IRPerform
    app_communication.o(i.Communication_DealData) refers to app_communication.o(i.Communication_IRImportData) for Communication_IRImportData
    app_communication.o(i.Communication_DealData) refers to app_communication.o(i.Communication_IRExportData) for Communication_IRExportData
    app_communication.o(i.Communication_Error_Handle) refers to socket.o(i.close) for close
    app_communication.o(i.Communication_Error_Handle) refers to app_w5500.o(i.APP_W5500_NetworkInit) for APP_W5500_NetworkInit
    app_communication.o(i.Communication_GetDevInfo) refers to app_info.o(i.Info_ReadHardVer) for Info_ReadHardVer
    app_communication.o(i.Communication_GetDevInfo) refers to app_info.o(i.Info_ReadSoftVer) for Info_ReadSoftVer
    app_communication.o(i.Communication_GetDevInfo) refers to app_info.o(i.printf_array) for printf_array
    app_communication.o(i.Communication_GetDevInfo) refers to app_communication.o(i.Communication_BytesChecker) for Communication_BytesChecker
    app_communication.o(i.Communication_GetDevInfo) refers to app_communication.o(.data) for device_info
    app_communication.o(i.Communication_GetHeartBeatInfo) refers to app_communication.o(i.Communication_BytesChecker) for Communication_BytesChecker
    app_communication.o(i.Communication_GetHeartBeatInfo) refers to app_communication.o(.data) for heart_beat_info
    app_communication.o(i.Communication_GetLedInfo) refers to app_communication.o(i.Communication_BytesChecker) for Communication_BytesChecker
    app_communication.o(i.Communication_GetLedInfo) refers to app_communication.o(.data) for led_info
    app_communication.o(i.Communication_GetLockInfo) refers to app_communication.o(i.Communication_BytesChecker) for Communication_BytesChecker
    app_communication.o(i.Communication_GetLockInfo) refers to app_communication.o(.data) for lock_info
    app_communication.o(i.Communication_IRExportData) refers to app_infrared.o(i.APP_Infrared_Export) for APP_Infrared_Export
    app_communication.o(i.Communication_IRExportData) refers to app_communication.o(i.Communication_BytesChecker) for Communication_BytesChecker
    app_communication.o(i.Communication_IRExportData) refers to app_communication.o(.data) for infrared_info_yes
    app_communication.o(i.Communication_IRImportData) refers to app_infrared.o(i.APP_Infrared_Download) for APP_Infrared_Download
    app_communication.o(i.Communication_IRImportData) refers to app_communication.o(i.Communication_BytesChecker) for Communication_BytesChecker
[...]
    RC5_Timer_Compare_Stop                   0x08004add   Thumb Code    12  ir_rc5_send.o(i.RC5_Timer_Compare_Stop)
    i.Receive_GPIO_Configuration             0x08004aec   Section        0  ir_receiver.o(i.Receive_GPIO_Configuration)
    Receive_GPIO_Configuration               0x08004aed   Thumb Code    72  ir_receiver.o(i.Receive_GPIO_Configuration)
    i.Receive_TIM_Base_Init                  0x08004b3c   Section        0  ir_receiver.o(i.Receive_TIM_Base_Init)
    Receive_TIM_Base_Init                    0x08004b3d   Thumb Code    46  ir_receiver.o(i.Receive_TIM_Base_Init)
    i.Receive_TIM_Base_MspInit               0x08004b6c   Section        0  ir_receiver.o(i.Receive_TIM_Base_MspInit)
    Receive_TIM_Base_MspInit                 0x08004b6d   Thumb Code    62  ir_receiver.o(i.Receive_TIM_Base_MspInit)
    i.Receive_Timer_Configuration            0x08004bb4   Section        0  ir_receiver.o(i.Receive_Timer_Configuration)
    Receive_Timer_Configuration              0x08004bb5   Thumb Code     8  ir_receiver.o(i.Receive_Timer_Configuration)
    i.SPI1_IRQHandler                        0x08004bbc   Section        0  stm32f0xx_it.o(i.SPI1_IRQHandler)
    i.SPI_CrisEnter                          0x08004bcc   Section        0  spi.o(i.SPI_CrisEnter)
    i.SPI_CrisExit                           0x08004bce   Section        0  spi.o(i.SPI_CrisExit)
    i.SPI_CsDeselect                         0x08004bd0   Section        0  spi.o(i.SPI_CsDeselect)
    i.SPI_CsSelect                           0x08004be0   Section        0  spi.o(i.SPI_CsSelect)
    i.SPI_DMAAbortOnError                    0x08004bf2   Section        0  stm32f0xx_hal_spi.o(i.SPI_DMAAbortOnError)
    SPI_DMAAbortOnError                      0x08004bf3   Thumb Code    24  stm32f0xx_hal_spi.o(i.SPI_DMAAbortOnError)
    i.SPI_EndRxTransaction                   0x08004c0a   Section        0  stm32f0xx_hal_spi.o(i.SPI_EndRxTransaction)
    SPI_EndRxTransaction                     0x08004c0b   Thumb Code   142  stm32f0xx_hal_spi.o(i.SPI_EndRxTransaction)
    i.SPI_EndRxTxTransaction                 0x08004c98   Section        0  stm32f0xx_hal_spi.o(i.SPI_EndRxTxTransaction)
    SPI_EndRxTxTransaction                   0x08004c99   Thumb Code   106  stm32f0xx_hal_spi.o(i.SPI_EndRxTxTransaction)
    i.SPI_Init                               0x08004d04   Section        0  spi.o(i.SPI_Init)
    i.SPI_Recv                               0x08004d58   Section        0  spi.o(i.SPI_Recv)
    i.SPI_Send                               0x08004d9c   Section        0  spi.o(i.SPI_Send)
    i.SPI_WaitFifoStateUntilTimeout          0x08004dd4   Section        0  stm32f0xx_hal_spi.o(i.SPI_WaitFifoStateUntilTimeout)
    SPI_WaitFifoStateUntilTimeout            0x08004dd5   Thumb Code   180  stm32f0xx_hal_spi.o(i.SPI_WaitFifoStateUntilTimeout)
    i.SPI_WaitFlagStateUntilTimeout          0x08004e88   Section        0  stm32f0xx_hal_spi.o(i.SPI_WaitFlagStateUntilTimeout)
    SPI_WaitFlagStateUntilTimeout            0x08004e89   Thumb Code   168  stm32f0xx_hal_spi.o(i.SPI_WaitFlagStateUntilTimeout)
    i.SVC_Handler                            0x08004f30   Section        0  stm32f0xx_it.o(i.SVC_Handler)
    i.SysTick_Handler                        0x08004f32   Section        0  stm32f0xx_it.o(i.SysTick_Handler)
    i.SystemClock_Config                     0x08004f3a   Section        0  main.o(i.SystemClock_Config)
    i.SystemInit                             0x08004f84   Section        0  system_stm32f0xx.o(i.SystemInit)
    i.TIM14_IRQHandler                       0x08004ff8   Section        0  stm32f0xx_it.o(i.TIM14_IRQHandler)
    i.TIM15_IRQHandler                       0x08005008   Section        0  stm32f0xx_it.o(i.TIM15_IRQHandler)
    i.TIM16_IRQHandler                       0x08005018   Section        0  stm32f0xx_it.o(i.TIM16_IRQHandler)
    i.TIM17_IRQHandler                       0x08005028   Section        0  stm32f0xx_it.o(i.TIM17_IRQHandler)
    i.TIM_Base_SetConfig                     0x08005038   Section        0  stm32f0xx_hal_tim.o(i.TIM_Base_SetConfig)
    i.TIM_CCxChannelCmd                      0x080050d8   Section        0  stm32f0xx_hal_tim.o(i.TIM_CCxChannelCmd)
    i.TIM_OC1_SetConfig                      0x080050f4   Section        0  stm32f0xx_hal_tim.o(i.TIM_OC1_SetConfig)
    TIM_OC1_SetConfig                        0x080050f5   Thumb Code   164  stm32f0xx_hal_tim.o(i.TIM_OC1_SetConfig)
    i.TIM_OC2_SetConfig                      0x080051a8   Section        0  stm32f0xx_hal_tim.o(i.TIM_OC2_SetConfig)
    i.TIM_OC3_SetConfig                      0x08005270   Section        0  stm32f0xx_hal_tim.o(i.TIM_OC3_SetConfig)
    TIM_OC3_SetConfig                        0x08005271   Thumb Code   178  stm32f0xx_hal_tim.o(i.TIM_OC3_SetConfig)
    i.TIM_OC4_SetConfig                      0x08005334   Section        0  stm32f0xx_hal_tim.o(i.TIM_OC4_SetConfig)
    TIM_OC4_SetConfig                        0x08005335   Thumb Code   118  stm32f0xx_hal_tim.o(i.TIM_OC4_SetConfig)
    i.Timer_Frame_Time_Out_Configuration     0x080053bc   Section        0  ir_receiver.o(i.Timer_Frame_Time_Out_Configuration)
    Timer_Frame_Time_Out_Configuration       0x080053bd   Thumb Code    48  ir_receiver.o(i.Timer_Frame_Time_Out_Configuration)
    i.Timer_Init                             0x08005400   Section        0  timer.o(i.Timer_Init)
    i.UART_AdvFeatureConfig                  0x08005454   Section        0  stm32f0xx_hal_uart.o(i.UART_AdvFeatureConfig)
    i.UART_CheckIdleState                    0x08005544   Section        0  stm32f0xx_hal_uart.o(i.UART_CheckIdleState)
    i.UART_DMAAbortOnError                   0x08005562   Section        0  stm32f0xx_hal_uart.o(i.UART_DMAAbortOnError)
    UART_DMAAbortOnError                     0x08005563   Thumb Code    24  stm32f0xx_hal_uart.o(i.UART_DMAAbortOnError)
    i.UART_EndRxTransfer                     0x0800557a   Section        0  stm32f0xx_hal_uart.o(i.UART_EndRxTransfer)
    UART_EndRxTransfer                       0x0800557b   Thumb Code    34  stm32f0xx_hal_uart.o(i.UART_EndRxTransfer)
    i.UART_EndTransmit_IT                    0x0800559c   Section        0  stm32f0xx_hal_uart.o(i.UART_EndTransmit_IT)
    i.UART_Receive_IT                        0x080055bc   Section        0  stm32f0xx_hal_uart.o(i.UART_Receive_IT)
    i.UART_SetConfig                         0x0800564c   Section        0  stm32f0xx_hal_uart.o(i.UART_SetConfig)
    i.UART_Transmit_IT                       0x08005830   Section        0  stm32f0xx_hal_uart.o(i.UART_Transmit_IT)
    i.USART1_IRQHandler                      0x080058a4   Section        0  stm32f0xx_it.o(i.USART1_IRQHandler)
    i.USART2_IRQHandler                      0x080058b4   Section        0  stm32f0xx_it.o(i.USART2_IRQHandler)
    i.USART2_Init                            0x080058c4   Section        0  usart.o(i.USART2_Init)
    i.WIZCHIP_READ                           0x08005900   Section        0  w5500.o(i.WIZCHIP_READ)
    i.WIZCHIP_READ_BUF                       0x08005988   Section        0  w5500.o(i.WIZCHIP_READ_BUF)
    i.WIZCHIP_WRITE                          0x08005a28   Section        0  w5500.o(i.WIZCHIP_WRITE)
    i.WIZCHIP_WRITE_BUF                      0x08005aac   Section        0  w5500.o(i.WIZCHIP_WRITE_BUF)
    i.__0printf$8                            0x08005b48   Section        0  printf8.o(i.__0printf$8)
    i.__0snprintf$8                          0x08005b68   Section        0  printf8.o(i.__0snprintf$8)
    i.__ARM_common_switch8                   0x08005b94   Section        0  app_communication.o(i.__ARM_common_switch8)
    i.__scatterload_copy                     0x08005bb0   Section       14  handlers.o(i.__scatterload_copy)
    i.__scatterload_null                     0x08005bbe   Section        2  handlers.o(i.__scatterload_null)
    i.__scatterload_zeroinit                 0x08005bc0   Section       14  handlers.o(i.__scatterload_zeroinit)
    i._printf_core                           0x08005bd0   Section        0  printf8.o(i._printf_core)
    _printf_core                             0x08005bd1   Thumb Code  1020  printf8.o(i._printf_core)
    i._printf_post_padding                   0x08005ff8   Section        0  printf8.o(i._printf_post_padding)
    _printf_post_padding                     0x08005ff9   Thumb Code    32  printf8.o(i._printf_post_padding)
    i._printf_pre_padding                    0x08006018   Section        0  printf8.o(i._printf_pre_padding)
    _printf_pre_padding                      0x08006019   Thumb Code    44  printf8.o(i._printf_pre_padding)
    i._snputc                                0x08006044   Section        0  printf8.o(i._snputc)
    _snputc                                  0x08006045   Thumb Code    22  printf8.o(i._snputc)
    i.close                                  0x0800605c   Section        0  socket.o(i.close)
    i.ctlnetwork                             0x080060f8   Section        0  wizchip_conf.o(i.ctlnetwork)
    i.ctlwizchip                             0x08006148   Section        0  wizchip_conf.o(i.ctlwizchip)
    i.disconnect                             0x0800625c   Section        0  socket.o(i.disconnect)
    i.fputc                                  0x08006314   Section        0  usart.o(i.fputc)
    i.getSn_RX_RSR                           0x08006348   Section        0  w5500.o(i.getSn_RX_RSR)
    i.getSn_TX_FSR                           0x080063b6   Section        0  w5500.o(i.getSn_TX_FSR)
    i.listen                                 0x08006424   Section        0  socket.o(i.listen)
    i.main                                   0x080064bc   Section        0  main.o(i.main)
    i.printf_array                           0x0800653c   Section        0  app_info.o(i.printf_array)
    i.recv                                   0x0800656c   Section        0  socket.o(i.recv)
    i.reg_wizchip_cris_cbfunc                0x0800668c   Section        0  wizchip_conf.o(i.reg_wizchip_cris_cbfunc)
    i.reg_wizchip_cs_cbfunc                  0x080066b8   Section        0  wizchip_conf.o(i.reg_wizchip_cs_cbfunc)
    i.reg_wizchip_spi_cbfunc                 0x080066e4   Section        0  wizchip_conf.o(i.reg_wizchip_spi_cbfunc)
    i.send                                   0x08006720   Section        0  socket.o(i.send)
    i.setsockopt                             0x08006898   Section        0  socket.o(i.setsockopt)
    i.socket                                 0x08006a1c   Section        0  socket.o(i.socket)
    i.wiz_recv_data                          0x08006bb0   Section        0  w5500.o(i.wiz_recv_data)
    i.wiz_send_data                          0x08006c36   Section        0  w5500.o(i.wiz_send_data)
    i.wizchip_clrinterrupt                   0x08006cbc   Section        0  wizchip_conf.o(i.wizchip_clrinterrupt)
    i.wizchip_cris_enter                     0x08006cde   Section        0  wizchip_conf.o(i.wizchip_cris_enter)
    i.wizchip_cris_exit                      0x08006ce0   Section        0  wizchip_conf.o(i.wizchip_cris_exit)
    i.wizchip_cs_deselect                    0x08006ce2   Section        0  wizchip_conf.o(i.wizchip_cs_deselect)
    i.wizchip_cs_select                      0x08006ce4   Section        0  wizchip_conf.o(i.wizchip_cs_select)
    i.wizchip_getinterrupt                   0x08006ce6   Section        0  wizchip_conf.o(i.wizchip_getinterrupt)
    i.wizchip_getinterruptmask               0x08006d12   Section        0  wizchip_conf.o(i.wizchip_getinterruptmask)
    i.wizchip_getnetinfo                     0x08006d3c   Section        0  wizchip_conf.o(i.wizchip_getnetinfo)
    i.wizchip_getnetmode                     0x08006d98   Section        0  wizchip_conf.o(i.wizchip_getnetmode)
    i.wizchip_gettimeout                     0x08006da2   Section        0  wizchip_conf.o(i.wizchip_gettimeout)
    i.wizchip_init                           0x08006dc8   Section        0  wizchip_conf.o(i.wizchip_init)
    i.wizchip_setinterruptmask               0x08006e58   Section        0  wizchip_conf.o(i.wizchip_setinterruptmask)
    i.wizchip_setnetinfo                     0x08006e78   Section        0  wizchip_conf.o(i.wizchip_setnetinfo)
    i.wizchip_setnetmode                     0x08006ed0   Section        0  wizchip_conf.o(i.wizchip_setnetmode)
    i.wizchip_settimeout                     0x08006efe   Section        0  wizchip_conf.o(i.wizchip_settimeout)
    i.wizchip_spi_readbyte                   0x08006f24   Section        0  wizchip_conf.o(i.wizchip_spi_readbyte)
    i.wizchip_spi_writebyte                  0x08006f28   Section        0  wizchip_conf.o(i.wizchip_spi_writebyte)
    i.wizchip_sw_reset                       0x08006f2a   Section        0  wizchip_conf.o(i.wizchip_sw_reset)
    i.wizphy_getphyconf                      0x08006f9c   Section        0  wizchip_conf.o(i.wizphy_getphyconf)
    i.wizphy_getphylink                      0x08007016   Section        0  wizchip_conf.o(i.wizphy_getphylink)
    i.wizphy_getphypmode                     0x08007032   Section        0  wizchip_conf.o(i.wizphy_getphypmode)
    i.wizphy_reset                           0x08007050   Section        0  wizchip_conf.o(i.wizphy_reset)
    i.wizphy_setphyconf                      0x08007088   Section        0  wizchip_conf.o(i.wizphy_setphyconf)
    i.wizphy_setphypmode                     0x080070e4   Section        0  wizchip_conf.o(i.wizphy_setphypmode)
    .constdata                               0x08007150   Section       16  app_w5500.o(.constdata)
    .constdata                               0x08007160   Section       36  app_info.o(.constdata)
    __FUNCTION__                             0x08007160   Data          16  app_info.o(.constdata)
    __FUNCTION__                             0x08007170   Data          20  app_info.o(.constdata)
    .constdata                               0x08007184   Section       24  system_stm32f0xx.o(.constdata)
    .conststring                             0x0800719c   Section       71  app_infrared.o(.conststring)
    .data                                    0x20000000   Section      242  app_communication.o(.data)
    device_info                              0x20000000   Data          16  app_communication.o(.data)
    heart_beat_info                          0x20000010   Data           8  app_communication.o(.data)
    open_light                               0x20000018   Data          14  app_communication.o(.data)
    close_light                              0x20000026   Data          14  app_communication.o(.data)
    led_info                                 0x20000034   Data          11  app_communication.o(.data)
    led_class_info                           0x2000003f   Data          11  app_communication.o(.data)
    lock_info                                0x2000004a   Data          11  app_communication.o(.data)
    open_lock                                0x20000055   Data          13  app_communication.o(.data)
    close_lock                               0x20000062   Data          13  app_communication.o(.data)
    set_lock_time                            0x2000006f   Data          11  app_communication.o(.data)
    lock_info                                0x2000007a   Data          13  app_communication.o(.data)
    smoke_info                               0x20000087   Data           8  app_communication.o(.data)
    ip_info                                  0x2000008f   Data          13  app_communication.o(.data)
    check_fail_info                          0x2000009c   Data          13  app_communication.o(.data)
    illegal_data_info                        0x200000a9   Data          13  app_communication.o(.data)
    illegal_data_info                        0x200000b6   Data          14  app_communication.o(.data)
    infrared_info                            0x200000c4   Data          13  app_communication.o(.data)
    infrared_info                            0x200000d1   Data          13  app_communication.o(.data)
    infrared_info                            0x200000de   Data          13  app_communication.o(.data)
    infrared_info_yes                        0x200000eb   Data           7  app_communication.o(.data)
    .data                                    0x200000f2   Section       23  app_w5500.o(.data)
    .data                                    0x2000010c   Section       20  app_infrared.o(.data)
    .data                                    0x20000120   Section        4  timer.o(.data)
    led_timer                                0x20000120   Data           4  timer.o(.data)
    .data                                    0x20000124   Section        1  usart.o(.data)
    .data                                    0x20000128   Section        4  spi.o(.data)
    .data                                    0x2000012c   Section       14  socket.o(.data)
    sock_any_port                            0x2000012c   Data           2  socket.o(.data)
    sock_io_mode                             0x2000012e   Data           2  socket.o(.data)
    sock_is_sending                          0x20000130   Data           2  socket.o(.data)
    .data                                    0x2000013c   Section       45  wizchip_conf.o(.data)
    _DNS_                                    0x20000164   Data           4  wizchip_conf.o(.data)
    _DHCP_                                   0x20000168   Data           1  wizchip_conf.o(.data)
    .data                                    0x20000169   Section        2  m485.o(.data)
    .data                                    0x2000016c   Section       16  iwdg.o(.data)
    .data                                    0x2000017c   Section       17  ir_nec_send.o(.data)
    .data                                    0x20000190   Section       13  ir_rc5_send.o(.data)
    s_rc5_key_bit                            0x20000194   Data           1  ir_rc5_send.o(.data)
    .data                                    0x2000019e   Section        8  ir_receiver.o(.data)
    .data                                    0x200001a8   Section        4  stm32f0xx_hal.o(.data)
    .data                                    0x200001ac   Section        4  system_stm32f0xx.o(.data)
    .data                                    0x200001b0   Section        4  stdout.o(.data)
    .bss                                     0x200001b4   Section       20  app_info.o(.bss)
    .bss                                     0x200001c8   Section      512  main.o(.bss)
    .bss                                     0x200003c8   Section      150  app_infrared.o(.bss)
    .bss                                     0x20000460   Section       64  timer.o(.bss)
    .bss                                     0x200004a0   Section      112  usart.o(.bss)
    .bss                                     0x20000510   Section      100  spi.o(.bss)
    .bss                                     0x20000574   Section       16  socket.o(.bss)
    sock_remained_size                       0x20000574   Data          16  socket.o(.bss)
    .bss                                     0x20000584   Section       12  flash.o(.bss)
    EraseInitStruct                          0x20000584   Data          12  flash.o(.bss)
    .bss                                     0x20000590   Section      112  m485.o(.bss)
    .bss                                     0x20000600   Section       80  iwdg.o(.bss)
    .bss                                     0x20000650   Section      264  ir_nec_send.o(.bss)
    .bss                                     0x20000758   Section      128  ir_rc5_send.o(.bss)
    .bss                                     0x200007d8   Section      308  ir_receiver.o(.bss)
    .bss                                     0x20000910   Section       32  stm32f0xx_hal_flash.o(.bss)
    STACK                                    0x20000930   Section     1024  startup_stm32f030x8.o(STACK)

    Global Symbols

    Symbol Name                              Value     Ov Type        Size  Object(Section)

    BuildAttributes$$THM_ISAv3M$S$PE$A:L22$X:L11$S22$IEEE1$IW$USESV6$~STKCKD$USESV7$~SHL$OTIME$ROPI$EBA8$MICROLIB$REQ8$PRES8$EABIv2 0x00000000   Number         0  anon$$obj.o ABSOLUTE
    __ARM_use_no_argv                        0x00000000   Number         0  main.o ABSOLUTE
    _printf_a                                0x00000000   Number         0  stubs.o ABSOLUTE
    _printf_c                                0x00000000   Number         0  stubs.o ABSOLUTE
    _printf_charcount                        0x00000000   Number         0  stubs.o ABSOLUTE
    _printf_d                                0x00000000   Number         0  stubs.o ABSOLUTE
    _printf_e                                0x00000000   Number         0  stubs.o ABSOLUTE
    _printf_f                                0x00000000   Number         0  stubs.o ABSOLUTE
    _printf_flags                            0x00000000   Number         0  stubs.o ABSOLUTE
    _printf_fp_dec                           0x00000000   Number         0  stubs.o ABSOLUTE
    _printf_fp_hex                           0x00000000   Number         0  stubs.o ABSOLUTE
    _printf_g                                0x00000000   Number         0  stubs.o ABSOLUTE
    _printf_i                                0x00000000   Number         0  stubs.o ABSOLUTE
    _printf_int_dec                          0x00000000   Number         0  stubs.o ABSOLUTE
    _printf_l                                0x00000000   Number         0  stubs.o ABSOLUTE
    _printf_lc                               0x00000000   Number         0  stubs.o ABSOLUTE
    _printf_ll                               0x00000000   Number         0  stubs.o ABSOLUTE
    _printf_lld                              0x00000000   Number         0  stubs.o ABSOLUTE
    _printf_lli                              0x00000000   Number         0  stubs.o ABSOLUTE
    _printf_llo                              0x00000000   Number         0  stubs.o ABSOLUTE
    _printf_llu                              0x00000000   Number         0  stubs.o ABSOLUTE
    _printf_llx                              0x00000000   Number         0  stubs.o ABSOLUTE
    _printf_longlong_dec                     0x00000000   Number         0  stubs.o ABSOLUTE
    _printf_longlong_hex                     0x00000000   Number         0  stubs.o ABSOLUTE
    _printf_longlong_oct                     0x00000000   Number         0  stubs.o ABSOLUTE
    _printf_ls                               0x00000000   Number         0  stubs.o ABSOLUTE
    _printf_mbtowc                           0x00000000   Number         0  stubs.o ABSOLUTE
    _printf_n                                0x00000000   Number         0  stubs.o ABSOLUTE
    _printf_o                                0x00000000   Number         0  stubs.o ABSOLUTE
    _printf_p                                0x00000000   Number         0  stubs.o ABSOLUTE
    _printf_percent                          0x00000000   Number         0  stubs.o ABSOLUTE
    _printf_pre_padding                      0x00000000   Number         0  stubs.o ABSOLUTE
    _printf_return_value                     0x00000000   Number         0  stubs.o ABSOLUTE
    _printf_s                                0x00000000   Number         0  stubs.o ABSOLUTE
    _printf_sizespec                         0x00000000   Number         0  stubs.o ABSOLUTE
    _printf_str                              0x00000000   Number         0  stubs.o ABSOLUTE
    _printf_truncate_signed                  0x00000000   Number         0  stubs.o ABSOLUTE
    _printf_truncate_unsigned                0x00000000   Number         0  stubs.o ABSOLUTE
    _printf_u                                0x00000000   Number         0  stubs.o ABSOLUTE
    _printf_wc                               0x00000000   Number         0  stubs.o ABSOLUTE
    _printf_wctomb                           0x00000000   Number         0  stubs.o ABSOLUTE
    _printf_widthprec                        0x00000000   Number         0  stubs.o ABSOLUTE
    _printf_x                                0x00000000   Number         0  stubs.o ABSOLUTE
    __cpp_initialize__aeabi_                  - Undefined Weak Reference
    __cxa_finalize                            - Undefined Weak Reference
    _clock_init                               - Undefined Weak Reference
    _microlib_exit                            - Undefined Weak Reference
    __Vectors_Size                           0x000000b4   Number         0  startup_stm32f030x8.o ABSOLUTE
    __Vectors                                0x08000000   Data           4  startup_stm32f030x8.o(RESET)
    __Vectors_End                            0x080000b4   Data           0  startup_stm32f030x8.o(RESET)
    __main                                   0x080000b5   Thumb Code     0  entry.o(.ARM.Collect$$$$00000000)
    _main_stk                                0x080000b5   Thumb Code     0  entry2.o(.ARM.Collect$$$$00000001)
    _main_scatterload                        0x080000b9   Thumb Code     0  entry5.o(.ARM.Collect$$$$00000004)
    __main_after_scatterload                 0x080000bd   Thumb Code     0  entry5.o(.ARM.Collect$$$$00000004)
    _main_clock                              0x080000bd   Thumb Code     0  entry7b.o(.ARM.Collect$$$$00000008)
    _main_cpp_init                           0x080000bd   Thumb Code     0  entry8b.o(.ARM.Collect$$$$0000000A)
    _main_init                               0x080000bd   Thumb Code     0  entry9a.o(.ARM.Collect$$$$0000000B)
    __rt_final_cpp                           0x080000c5   Thumb Code     0  entry10a.o(.ARM.Collect$$$$0000000D)
    __rt_final_exit                          0x080000c5   Thumb Code     0  entry11a.o(.ARM.Collect$$$$0000000F)
    Reset_Handler                            0x080000c9   Thumb Code     8  startup_stm32f030x8.o(.text)
    ADC1_IRQHandler                          0x080000db   Thumb Code     0  startup_stm32f030x8.o(.text)
    DMA1_Channel1_IRQHandler                 0x080000db   Thumb Code     0  startup_stm32f030x8.o(.text)
    DMA1_Channel2_3_IRQHandler               0x080000db   Thumb Code     0  startup_stm32f030x8.o(.text)
    DMA1_Channel4_5_IRQHandler               0x080000db   Thumb Code     0  startup_stm32f030x8.o(.text)
    EXTI0_1_IRQHandler                       0x080000db   Thumb Code     0  startup_stm32f030x8.o(.text)
    EXTI2_3_IRQHandler                       0x080000db   Thumb Code     0  startup_stm32f030x8.o(.text)
    FLASH_IRQHandler                         0x080000db   Thumb Code     0  startup_stm32f030x8.o(.text)
    I2C1_IRQHandler                          0x080000db   Thumb Code     0  startup_stm32f030x8.o(.text)
    I2C2_IRQHandler                          0x080000db   Thumb Code     0  startup_stm32f030x8.o(.text)
    RCC_IRQHandler                           0x080000db   Thumb Code     0  startup_stm32f030x8.o(.text)
    RTC_IRQHandler                           0x080000db   Thumb Code     0  startup_stm32f030x8.o(.text)
    SPI2_IRQHandler                          0x080000db   Thumb Code     0  startup_stm32f030x8.o(.text)
    TIM1_BRK_UP_TRG_COM_IRQHandler           0x080000db   Thumb Code     0  startup_stm32f030x8.o(.text)
    TIM1_CC_IRQHandler                       0x080000db   Thumb Code     0  startup_stm32f030x8.o(.text)
    TIM3_IRQHandler                          0x080000db   Thumb Code     0  startup_stm32f030x8.o(.text)
    TIM6_IRQHandler                          0x080000db   Thumb Code     0  startup_stm32f030x8.o(.text)
    WWDG_IRQHandler                          0x080000db   Thumb Code     0  startup_stm32f030x8.o(.text)
    __aeabi_uidiv                            0x080000e5   Thumb Code     0  uidiv.o(.text)
    __aeabi_uidivmod                         0x080000e5   Thumb Code    44  uidiv.o(.text)
    __aeabi_llsr                             0x08000111   Thumb Code    34  llushr.o(.text)
    _ll_ushift_r                             0x08000111   Thumb Code     0  llushr.o(.text)
    __aeabi_memcpy                           0x08000133   Thumb Code    36  memcpya.o(.text)
    __aeabi_memcpy4                          0x08000133   Thumb Code     0  memcpya.o(.text)
    __aeabi_memcpy8                          0x08000133   Thumb Code     0  memcpya.o(.text)
    memcmp                                   0x08000157   Thumb Code    26  memcmp.o(.text)
    __aeabi_uldivmod                         0x08000171   Thumb Code    96  uldiv.o(.text)
    __scatterload                            0x080001d1   Thumb Code    28  init.o(.text)
    __scatterload_rt2                        0x080001d1   Thumb Code     0  init.o(.text)
    __aeabi_llsl                             0x080001f5   Thumb Code    32  llshl.o(.text)
    _ll_shift_l                              0x080001f5   Thumb Code     0  llshl.o(.text)
    __decompress                             0x08000215   Thumb Code     0  __dczerorl2.o(.text)
    __decompress1                            0x08000215   Thumb Code    86  __dczerorl2.o(.text)
    APP_Infrared_Download                    0x0800026d   Thumb Code    36  app_infrared.o(i.APP_Infrared_Download)
    APP_Infrared_Export                      0x08000295   Thumb Code    24  app_infrared.o(i.APP_Infrared_Export)
    APP_Infrared_Init                        0x080002b1   Thumb Code     8  app_infrared.o(i.APP_Infrared_Init)
    APP_Infrared_Receive                     0x080002b9   Thumb Code   282  app_infrared.o(i.APP_Infrared_Receive)
    APP_Infrared_Send                        0x08000461   Thumb Code   152  app_infrared.o(i.APP_Infrared_Send)
    APP_W5500_Init                           0x08000521   Thumb Code   124  app_w5500.o(i.APP_W5500_Init)
    APP_W5500_NetworkInit                    0x080005c1   Thumb Code   392  app_w5500.o(i.APP_W5500_NetworkInit)
    APP_W5500_Reset                          0x08000865   Thumb Code    36  app_w5500.o(i.APP_W5500_Reset)
    BSP_LED_Init                             0x0800088d   Thumb Code    74  led.o(i.BSP_LED_Init)
    BSP_LED_Off                              0x080008e1   Thumb Code    14  led.o(i.BSP_LED_Off)
    BSP_LED_On                               0x080008f5   Thumb Code    16  led.o(i.BSP_LED_On)
    BSP_LED_Toggle                           0x08000909   Thumb Code    14  led.o(i.BSP_LED_Toggle)
    Communication_BytesChecker               0x0800091d   Thumb Code    26  app_communication.o(i.Communication_BytesChecker)
    Communication_ChangIp                    0x08000939   Thumb Code    42  app_communication.o(i.Communication_ChangIp)
    Communication_DealData                   0x08000969   Thumb Code   460  app_communication.o(i.Communication_DealData)
    Communication_Error_Handle               0x08000b95   Thumb Code    16  app_communication.o(i.Communication_Error_Handle)
    Communication_GetDevInfo                 0x08000ba5   Thumb Code    98  app_communication.o(i.Communication_GetDevInfo)
    Communication_GetHeartBeatInfo           0x08000c0d   Thumb Code    18  app_communication.o(i.Communication_GetHeartBeatInfo)
    Communication_IRExportData               0x08000c25   Thumb Code    48  app_communication.o(i.Communication_IRExportData)
    Communication_IRImportData               0x08000c59   Thumb Code    44  app_communication.o(i.Communication_IRImportData)
    Communication_IRLearn                    0x08000c89   Thumb Code    30  app_communication.o(i.Communication_IRLearn)
    Communication_IRPerform                  0x08000cad   Thumb Code    30  app_communication.o(i.Communication_IRPerform)
    Communication_Tcps                       0x08000cd1   Thumb Code   530  app_communication.o(i.Communication_Tcps)
    EXTI4_15_IRQHandler                      0x08000fd9   Thumb Code    28  stm32f0xx_it.o(i.EXTI4_15_IRQHandler)
    Error_Handler                            0x08000ff9   Thumb Code    12  main.o(i.Error_Handler)
    FLASH_PageErase                          0x0800102d   Thumb Code    34  stm32f0xx_hal_flash_ex.o(i.FLASH_PageErase)
    FLASH_WaitForLastOperation               0x080010c1   Thumb Code   100  stm32f0xx_hal_flash.o(i.FLASH_WaitForLastOperation)
    Flash_User_Erase                         0x08001129   Thumb Code    36  flash.o(i.Flash_User_Erase)
    Flash_User_Init                          0x08001151   Thumb Code    16  flash.o(i.Flash_User_Init)
    Flash_User_Read_One_Word                 0x08001169   Thumb Code    16  flash.o(i.Flash_User_Read_One_Word)
    Flash_User_Write_One_Word                0x08001179   Thumb Code    32  flash.o(i.Flash_User_Write_One_Word)
    HAL_DMA_Abort_IT                         0x08001199   Thumb Code    88  stm32f0xx_hal_dma.o(i.HAL_DMA_Abort_IT)
    HAL_Delay                                0x080011f1   Thumb Code    32  stm32f0xx_hal.o(i.HAL_Delay)
    HAL_FLASHEx_Erase                        0x08001211   Thumb Code   160  stm32f0xx_hal_flash_ex.o(i.HAL_FLASHEx_Erase)
    HAL_FLASH_Lock                           0x080012bd   Thumb Code    16  stm32f0xx_hal_flash.o(i.HAL_FLASH_Lock)
    HAL_FLASH_Program                        0x080012d1   Thumb Code   174  stm32f0xx_hal_flash.o(i.HAL_FLASH_Program)
    HAL_FLASH_Unlock                         0x0800138d   Thumb Code    32  stm32f0xx_hal_flash.o(i.HAL_FLASH_Unlock)
    HAL_GPIO_Init                            0x080013b9   Thumb Code   470  stm32f0xx_hal_gpio.o(i.HAL_GPIO_Init)
    HAL_GPIO_TogglePin                       0x080015a9   Thumb Code     8  stm32f0xx_hal_gpio.o(i.HAL_GPIO_TogglePin)
    HAL_GPIO_WritePin                        0x080015b1   Thumb Code    12  stm32f0xx_hal_gpio.o(i.HAL_GPIO_WritePin)
    HAL_GetTick                              0x080015bd   Thumb Code     6  stm32f0xx_hal.o(i.HAL_GetTick)
    HAL_IncTick                              0x080015c9   Thumb Code    12  stm32f0xx_hal.o(i.HAL_IncTick)
    HAL_Init                                 0x080015d9   Thumb Code    28  stm32f0xx_hal.o(i.HAL_Init)
    HAL_InitTick                             0x080015f9   Thumb Code    38  stm32f0xx_hal.o(i.HAL_InitTick)
    HAL_MspInit                              0x0800161f   Thumb Code     2  stm32f0xx_hal.o(i.HAL_MspInit)
    HAL_NVIC_DisableIRQ                      0x08001621   Thumb Code    18  stm32f0xx_hal_cortex.o(i.HAL_NVIC_DisableIRQ)
    HAL_NVIC_EnableIRQ                       0x08001639   Thumb Code    18  stm32f0xx_hal_cortex.o(i.HAL_NVIC_EnableIRQ)
    HAL_NVIC_SetPriority                     0x08001651   Thumb Code    18  stm32f0xx_hal_cortex.o(i.HAL_NVIC_SetPriority)
    HAL_RCC_ClockConfig                      0x08001665   Thumb Code   382  stm32f0xx_hal_rcc.o(i.HAL_RCC_ClockConfig)
    HAL_RCC_GetHCLKFreq                      0x080017f9   Thumb Code     6  stm32f0xx_hal_rcc.o(i.HAL_RCC_GetHCLKFreq)
    HAL_RCC_GetPCLK1Freq                     0x08001805   Thumb Code    26  stm32f0xx_hal_rcc.o(i.HAL_RCC_GetPCLK1Freq)
    HAL_RCC_GetSysClockFreq                  0x08001829   Thumb Code   150  stm32f0xx_hal_rcc.o(i.HAL_RCC_GetSysClockFreq)
    HAL_RCC_OscConfig                        0x080018ed   Thumb Code  1352  stm32f0xx_hal_rcc.o(i.HAL_RCC_OscConfig)
    HAL_SPI_ErrorCallback                    0x08001e39   Thumb Code     8  spi.o(i.HAL_SPI_ErrorCallback)
    HAL_SPI_IRQHandler                       0x08001e45   Thumb Code   338  stm32f0xx_hal_spi.o(i.HAL_SPI_IRQHandler)
    HAL_SPI_Init                             0x08001f9d   Thumb Code   266  stm32f0xx_hal_spi.o(i.HAL_SPI_Init)
    HAL_SPI_MspInit                          0x080020a9   Thumb Code   248  spi.o(i.HAL_SPI_MspInit)
    HAL_SPI_Receive                          0x080021ad   Thumb Code   728  stm32f0xx_hal_spi.o(i.HAL_SPI_Receive)
    HAL_SPI_Transmit                         0x08002489   Thumb Code   538  stm32f0xx_hal_spi.o(i.HAL_SPI_Transmit)
    HAL_SPI_TransmitReceive                  0x080026a5   Thumb Code  1048  stm32f0xx_hal_spi.o(i.HAL_SPI_TransmitReceive)
    HAL_SYSTICK_Config                       0x08002ac1   Thumb Code    46  stm32f0xx_hal_cortex.o(i.HAL_SYSTICK_Config)
    HAL_TIMEx_BreakCallback                  0x08002af9   Thumb Code     2  stm32f0xx_hal_tim_ex.o(i.HAL_TIMEx_BreakCallback)
    HAL_TIMEx_CommutationCallback            0x08002afb   Thumb Code     2  stm32f0xx_hal_tim_ex.o(i.HAL_TIMEx_CommutationCallback)
    HAL_TIMEx_ConfigBreakDeadTime            0x08002afd   Thumb Code   166  stm32f0xx_hal_tim_ex.o(i.HAL_TIMEx_ConfigBreakDeadTime)
    HAL_TIM_Base_Init                        0x08002ba3   Thumb Code    56  stm32f0xx_hal_tim.o(i.HAL_TIM_Base_Init)
    HAL_TIM_Base_MspInit                     0x08002bdd   Thumb Code    54  timer.o(i.HAL_TIM_Base_MspInit)
    HAL_TIM_Base_Start_IT                    0x08002c19   Thumb Code    30  stm32f0xx_hal_tim.o(i.HAL_TIM_Base_Start_IT)
    HAL_TIM_IC_CaptureCallback               0x08002c39   Thumb Code    82  iwdg.o(i.HAL_TIM_IC_CaptureCallback)
    HAL_TIM_IRQHandler                       0x08002ca1   Thumb Code   456  stm32f0xx_hal_tim.o(i.HAL_TIM_IRQHandler)
    HAL_TIM_OC_DelayElapsedCallback          0x08002e69   Thumb Code     2  stm32f0xx_hal_tim.o(i.HAL_TIM_OC_DelayElapsedCallback)
    HAL_TIM_OC_Start_IT                      0x08002e6d   Thumb Code   166  stm32f0xx_hal_tim.o(i.HAL_TIM_OC_Start_IT)
    HAL_TIM_OC_Stop_IT                       0x08002f25   Thumb Code   222  stm32f0xx_hal_tim.o(i.HAL_TIM_OC_Stop_IT)
    HAL_TIM_PWM_ConfigChannel                0x08003019   Thumb Code   274  stm32f0xx_hal_tim.o(i.HAL_TIM_PWM_ConfigChannel)
    HAL_TIM_PWM_Init                         0x0800312b   Thumb Code    56  stm32f0xx_hal_tim.o(i.HAL_TIM_PWM_Init)
    HAL_TIM_PWM_MspInit                      0x08003165   Thumb Code   116  pwm.o(i.HAL_TIM_PWM_MspInit)
    HAL_TIM_PWM_PulseFinishedCallback        0x080031dd   Thumb Code     2  stm32f0xx_hal_tim.o(i.HAL_TIM_PWM_PulseFinishedCallback)
    HAL_TIM_PWM_Start_IT                     0x080031e1   Thumb Code   166  stm32f0xx_hal_tim.o(i.HAL_TIM_PWM_Start_IT)
    HAL_TIM_PWM_Stop_IT                      0x08003299   Thumb Code   222  stm32f0xx_hal_tim.o(i.HAL_TIM_PWM_Stop_IT)
    HAL_TIM_PeriodElapsedCallback            0x0800338d   Thumb Code    36  timer.o(i.HAL_TIM_PeriodElapsedCallback)
    HAL_TIM_ReadCapturedValue                0x080033b5   Thumb Code    88  stm32f0xx_hal_tim.o(i.HAL_TIM_ReadCapturedValue)
    HAL_TIM_TriggerCallback                  0x0800340d   Thumb Code     2  stm32f0xx_hal_tim.o(i.HAL_TIM_TriggerCallback)
    HAL_UART_ErrorCallback                   0x08003411   Thumb Code    60  stm32f0xx_hal_msp.o(i.HAL_UART_ErrorCallback)
    HAL_UART_IRQHandler                      0x08003455   Thumb Code   398  stm32f0xx_hal_uart.o(i.HAL_UART_IRQHandler)
    HAL_UART_Init                            0x080035e9   Thumb Code   130  stm32f0xx_hal_uart.o(i.HAL_UART_Init)
    HAL_UART_MspInit                         0x0800366d   Thumb Code   338  stm32f0xx_hal_msp.o(i.HAL_UART_MspInit)
    HAL_UART_RxCpltCallback                  0x080037cd   Thumb Code    16  stm32f0xx_hal_msp.o(i.HAL_UART_RxCpltCallback)
    HAL_UART_Transmit_IT                     0x080037e5   Thumb Code   124  stm32f0xx_hal_uart.o(i.HAL_UART_Transmit_IT)
    HAL_UART_TxCpltCallback                  0x08003861   Thumb Code    32  stm32f0xx_hal_msp.o(i.HAL_UART_TxCpltCallback)
    HardFault_Handler                        0x08003891   Thumb Code     4  stm32f0xx_it.o(i.HardFault_Handler)
    IR_Receiver_EXTI_Start                   0x08003b05   Thumb Code    10  ir_receiver.o(i.IR_Receiver_EXTI_Start)
    IR_Receiver_EXTI_Stop                    0x08003b0f   Thumb Code    10  ir_receiver.o(i.IR_Receiver_EXTI_Stop)
    IR_Receiver_GPIO_EXTI_Back               0x08003b19   Thumb Code    18  ir_receiver.o(i.IR_Receiver_GPIO_EXTI_Back)
    IR_Receiver_Init                         0x08003b2b   Thumb Code    12  ir_receiver.o(i.IR_Receiver_Init)
    IR_Receiver_Time_Out_Back                0x08003b39   Thumb Code    32  ir_receiver.o(i.IR_Receiver_Time_Out_Back)
    Info_MemoryAllRead                       0x08003b61   Thumb Code   122  app_info.o(i.Info_MemoryAllRead)
    Info_MemoryAllWrite                      0x08003be5   Thumb Code   138  app_info.o(i.Info_MemoryAllWrite)
    Info_MemoryInit                          0x08003c79   Thumb Code    92  app_info.o(i.Info_MemoryInit)
    Info_ReadHardVer                         0x08003d09   Thumb Code    38  app_info.o(i.Info_ReadHardVer)
    Info_ReadIp                              0x08003d41   Thumb Code    42  app_info.o(i.Info_ReadIp)
    Info_ReadSoftVer                         0x08003d7d   Thumb Code    38  app_info.o(i.Info_ReadSoftVer)
    Info_WriteIp                             0x08003db5   Thumb Code    24  app_info.o(i.Info_WriteIp)
    Infrared_TIM_IRQHandler                  0x08003f79   Thumb Code   466  app_infrared.o(i.Infrared_TIM_IRQHandler)
    NEC_Data_Decod                           0x08004275   Thumb Code   364  ir_nec_send.o(i.NEC_Data_Decod)
    NEC_IR_Receiver_Turn                     0x08004401   Thumb Code    30  ir_receiver.o(i.NEC_IR_Receiver_Turn)
    NEC_Send_Init                            0x080044d1   Thumb Code    16  ir_nec_send.o(i.NEC_Send_Init)
    NEC_Send_Time_Out_Back                   0x080045a1   Thumb Code    16  ir_nec_send.o(i.NEC_Send_Time_Out_Back)
    NEC_Timer_Start                          0x08004661   Thumb Code    14  ir_receiver.o(i.NEC_Timer_Start)
    NMI_Handler                              0x08004675   Thumb Code     2  stm32f0xx_it.o(i.NMI_Handler)
    PendSV_Handler                           0x080046f1   Thumb Code     2  stm32f0xx_it.o(i.PendSV_Handler)
    Platform_Init                            0x080046f5   Thumb Code    60  main.o(i.Platform_Init)
    RC5_Data_Decod                           0x0800481d   Thumb Code   102  ir_rc5_send.o(i.RC5_Data_Decod)
    RC5_IR_Receiver_Turn                     0x08004899   Thumb Code    30  ir_receiver.o(i.RC5_IR_Receiver_Turn)
    RC5_Send_Init                            0x08004991   Thumb Code    16  ir_rc5_send.o(i.RC5_Send_Init)
    RC5_Send_Time_Out_Back                   0x08004a61   Thumb Code    16  ir_rc5_send.o(i.RC5_Send_Time_Out_Back)
    SPI1_IRQHandler                          0x08004bbd   Thumb Code    10  stm32f0xx_it.o(i.SPI1_IRQHandler)
    SPI_CrisEnter                            0x08004bcd   Thumb Code     2  spi.o(i.SPI_CrisEnter)
    SPI_CrisExit                             0x08004bcf   Thumb Code     2  spi.o(i.SPI_CrisExit)
    SPI_CsDeselect                           0x08004bd1   Thumb Code    16  spi.o(i.SPI_CsDeselect)
    SPI_CsSelect                             0x08004be1   Thumb Code    18  spi.o(i.SPI_CsSelect)
    SPI_Init                                 0x08004d05   Thumb Code    76  spi.o(i.SPI_Init)
    SPI_Recv                                 0x08004d59   Thumb Code    62  spi.o(i.SPI_Recv)
    SPI_Send                                 0x08004d9d   Thumb Code    52  spi.o(i.SPI_Send)
    SVC_Handler                              0x08004f31   Thumb Code     2  stm32f0xx_it.o(i.SVC_Handler)
    SysTick_Handler                          0x08004f33   Thumb Code     8  stm32f0xx_it.o(i.SysTick_Handler)
    SystemClock_Config                       0x08004f3b   Thumb Code    74  main.o(i.SystemClock_Config)
    SystemInit                               0x08004f85   Thumb Code   104  system_stm32f0xx.o(i.SystemInit)
    TIM14_IRQHandler                         0x08004ff9   Thumb Code    10  stm32f0xx_it.o(i.TIM14_IRQHandler)
    TIM15_IRQHandler                         0x08005009   Thumb Code    10  stm32f0xx_it.o(i.TIM15_IRQHandler)
    TIM16_IRQHandler                         0x08005019   Thumb Code    12  stm32f0xx_it.o(i.TIM16_IRQHandler)
    TIM17_IRQHandler                         0x08005029   Thumb Code    12  stm32f0xx_it.o(i.TIM17_IRQHandler)
    TIM_Base_SetConfig                       0x08005039   Thumb Code   136  stm32f0xx_hal_tim.o(i.TIM_Base_SetConfig)
    TIM_CCxChannelCmd                        0x080050d9   Thumb Code    28  stm32f0xx_hal_tim.o(i.TIM_CCxChannelCmd)
    TIM_OC2_SetConfig                        0x080051a9   Thumb Code   182  stm32f0xx_hal_tim.o(i.TIM_OC2_SetConfig)
    Timer_Init                               0x08005401   Thumb Code    68  timer.o(i.Timer_Init)
    UART_AdvFeatureConfig                    0x08005455   Thumb Code   240  stm32f0xx_hal_uart.o(i.UART_AdvFeatureConfig)
    UART_CheckIdleState                      0x08005545   Thumb Code    30  stm32f0xx_hal_uart.o(i.UART_CheckIdleState)
    UART_EndTransmit_IT                      0x0800559d   Thumb Code    32  stm32f0xx_hal_uart.o(i.UART_EndTransmit_IT)
    UART_Receive_IT                          0x080055bd   Thumb Code   142  stm32f0xx_hal_uart.o(i.UART_Receive_IT)
    UART_SetConfig                           0x0800564d   Thumb Code   454  stm32f0xx_hal_uart.o(i.UART_SetConfig)
    UART_Transmit_IT                         0x08005831   Thumb Code   114  stm32f0xx_hal_uart.o(i.UART_Transmit_IT)
    USART1_IRQHandler                        0x080058a5   Thumb Code    10  stm32f0xx_it.o(i.USART1_IRQHandler)
    USART2_IRQHandler                        0x080058b5   Thumb Code    10  stm32f0xx_it.o(i.USART2_IRQHandler)
    USART2_Init                              0x080058c5   Thumb Code    52  usart.o(i.USART2_Init)
    WIZCHIP_READ                             0x08005901   Thumb Code   132  w5500.o(i.WIZCHIP_READ)
    WIZCHIP_READ_BUF                         0x08005989   Thumb Code   156  w5500.o(i.WIZCHIP_READ_BUF)
    WIZCHIP_WRITE                            0x08005a29   Thumb Code   128  w5500.o(i.WIZCHIP_WRITE)
    WIZCHIP_WRITE_BUF                        0x08005aad   Thumb Code   150  w5500.o(i.WIZCHIP_WRITE_BUF)
    __0printf$8                              0x08005b49   Thumb Code    24  printf8.o(i.__0printf$8)
    __1printf$8                              0x08005b49   Thumb Code     0  printf8.o(i.__0printf$8)
    __2printf                                0x08005b49   Thumb Code     0  printf8.o(i.__0printf$8)
    __0snprintf$8                            0x08005b69   Thumb Code    38  printf8.o(i.__0snprintf$8)
    __1snprintf$8                            0x08005b69   Thumb Code     0  printf8.o(i.__0snprintf$8)
    __2snprintf                              0x08005b69   Thumb Code     0  printf8.o(i.__0snprintf$8)
    __ARM_common_switch8                     0x08005b95   Thumb Code    28  app_communication.o(i.__ARM_common_switch8)
    __scatterload_copy                       0x08005bb1   Thumb Code    14  handlers.o(i.__scatterload_copy)
    __scatterload_null                       0x08005bbf   Thumb Code     2  handlers.o(i.__scatterload_null)
    __scatterload_zeroinit                   0x08005bc1   Thumb Code    14  handlers.o(i.__scatterload_zeroinit)
    close                                    0x0800605d   Thumb Code   138  socket.o(i.close)
    ctlnetwork                               0x080060f9   Thumb Code    80  wizchip_conf.o(i.ctlnetwork)
    ctlwizchip                               0x08006149   Thumb Code   270  wizchip_conf.o(i.ctlwizchip)
    disconnect                               0x0800625d   Thumb Code   176  socket.o(i.disconnect)
    fputc                                    0x08006315   Thumb Code    42  usart.o(i.fputc)
    getSn_RX_RSR                             0x08006349   Thumb Code   110  w5500.o(i.getSn_RX_RSR)
    getSn_TX_FSR                             0x080063b7   Thumb Code   110  w5500.o(i.getSn_TX_FSR)
    listen                                   0x08006425   Thumb Code   150  socket.o(i.listen)
    main                                     0x080064bd   Thumb Code    86  main.o(i.main)
    printf_array                             0x0800653d   Thumb Code    34  app_info.o(i.printf_array)
    recv                                     0x0800656d   Thumb Code   284  socket.o(i.recv)
    reg_wizchip_cris_cbfunc                  0x0800668d   Thumb Code    30  wizchip_conf.o(i.reg_wizchip_cris_cbfunc)
    reg_wizchip_cs_cbfunc                    0x080066b9   Thumb Code    30  wizchip_conf.o(i.reg_wizchip_cs_cbfunc)
    reg_wizchip_spi_cbfunc                   0x080066e5   Thumb Code    46  wizchip_conf.o(i.reg_wizchip_spi_cbfunc)
    send                                     0x08006721   Thumb Code   366  socket.o(i.send)
    setsockopt                               0x08006899   Thumb Code   388  socket.o(i.setsockopt)
    socket                                   0x08006a1d   Thumb Code   380  socket.o(i.socket)
    wiz_recv_data                            0x08006bb1   Thumb Code   134  w5500.o(i.wiz_recv_data)
    wiz_send_data                            0x08006c37   Thumb Code   134  w5500.o(i.wiz_send_data)
    wizchip_clrinterrupt                     0x08006cbd   Thumb Code    34  wizchip_conf.o(i.wizchip_clrinterrupt)
    wizchip_cris_enter                       0x08006cdf   Thumb Code     2  wizchip_conf.o(i.wizchip_cris_enter)
    wizchip_cris_exit                        0x08006ce1   Thumb Code     2  wizchip_conf.o(i.wizchip_cris_exit)
    wizchip_cs_deselect                      0x08006ce3   Thumb Code     2  wizchip_conf.o(i.wizchip_cs_deselect)
    wizchip_cs_select                        0x08006ce5   Thumb Code     2  wizchip_conf.o(i.wizchip_cs_select)
    wizchip_getinterrupt                     0x08006ce7   Thumb Code    44  wizchip_conf.o(i.wizchip_getinterrupt)
    wizchip_getinterruptmask                 0x08006d13   Thumb Code    40  wizchip_conf.o(i.wizchip_getinterruptmask)
    wizchip_getnetinfo                       0x08006d3d   Thumb Code    82  wizchip_conf.o(i.wizchip_getnetinfo)
    wizchip_getnetmode                       0x08006d99   Thumb Code    10  wizchip_conf.o(i.wizchip_getnetmode)
    wizchip_gettimeout                       0x08006da3   Thumb Code    38  wizchip_conf.o(i.wizchip_gettimeout)
    wizchip_init                             0x08006dc9   Thumb Code   144  wizchip_conf.o(i.wizchip_init)
    wizchip_setinterruptmask                 0x08006e59   Thumb Code    30  wizchip_conf.o(i.wizchip_setinterruptmask)
    wizchip_setnetinfo                       0x08006e79   Thumb Code    80  wizchip_conf.o(i.wizchip_setnetinfo)
    wizchip_setnetmode                       0x08006ed1   Thumb Code    46  wizchip_conf.o(i.wizchip_setnetmode)
    wizchip_settimeout                       0x08006eff   Thumb Code    38  wizchip_conf.o(i.wizchip_settimeout)
    wizchip_spi_readbyte                     0x08006f25   Thumb Code     4  wizchip_conf.o(i.wizchip_spi_readbyte)
    wizchip_spi_writebyte                    0x08006f29   Thumb Code     2  wizchip_conf.o(i.wizchip_spi_writebyte)
    wizchip_sw_reset                         0x08006f2b   Thumb Code   114  wizchip_conf.o(i.wizchip_sw_reset)
    wizphy_getphyconf                        0x08006f9d   Thumb Code   122  wizchip_conf.o(i.wizphy_getphyconf)
    wizphy_getphylink                        0x08007017   Thumb Code    28  wizchip_conf.o(i.wizphy_getphylink)
    wizphy_getphypmode                       0x08007033   Thumb Code    30  wizchip_conf.o(i.wizphy_getphypmode)
    wizphy_reset                             0x08007051   Thumb Code    56  wizchip_conf.o(i.wizphy_reset)
    wizphy_setphyconf                        0x08007089   Thumb Code    92  wizchip_conf.o(i.wizphy_setphyconf)
    wizphy_setphypmode                       0x080070e5   Thumb Code   108  wizchip_conf.o(i.wizphy_setphypmode)
    AHBPrescTable                            0x08007184   Data          16  system_stm32f0xx.o(.constdata)
    APBPrescTable                            0x08007194   Data           8  system_stm32f0xx.o(.constdata)
    Region$$Table$$Base                      0x080071e4   Number         0  anon$$obj.o(Region$$Table)
    Region$$Table$$Limit                     0x08007204   Number         0  anon$$obj.o(Region$$Table)
    gWIZNETINFO                              0x200000f2   Data          23  app_w5500.o(.data)
    rc5_framereceived                        0x2000010c   Data           1  app_infrared.o(.data)
    nec_framereceived                        0x2000010d   Data           1  app_infrared.o(.data)
    infrared_framereceived                   0x2000010e   Data           1  app_infrared.o(.data)
    ir_send_time_pwm                         0x20000110   Data           4  app_infrared.o(.data)
    ir_time_compare                          0x20000114   Data           4  app_infrared.o(.data)
    P_IR_Timer_Compare_Back                  0x20000118   Data           4  app_infrared.o(.data)
    ir_command_read                          0x2000011c   Data           4  app_infrared.o(.data)
    Uart2Ready                               0x20000124   Data           1  usart.o(.data)
    wTransferState                           0x20000128   Data           4  spi.o(.data)
    sock_pack_info                           0x20000132   Data           8  socket.o(.data)
    WIZCHIP                                  0x2000013c   Data          40  wizchip_conf.o(.data)
    g_uart_rx_finish_b                       0x20000169   Data           1  m485.o(.data)
    Uart1Ready                               0x2000016a   Data           1  m485.o(.data)
    tmpCC4                                   0x2000016c   Data           4  iwdg.o(.data)
    uwLsiFreq                                0x20000170   Data           4  iwdg.o(.data)
    uwCaptureNumber                          0x20000174   Data           4  iwdg.o(.data)
    WaitingDelay                             0x20000178   Data           4  iwdg.o(.data)
    ir_nec_data                              0x2000017c   Data           4  ir_nec_send.o(.data)
    s_nec_add1_time                          0x20000180   Data           1  ir_nec_send.o(.data)
    s_nec_add2_time                          0x20000181   Data           1  ir_nec_send.o(.data)
    s_nec_command1_time                      0x20000182   Data           1  ir_nec_send.o(.data)
    s_nec_command2_time                      0x20000183   Data           1  ir_nec_send.o(.data)
    s_nec_bit_half_time                      0x20000184   Data           1  ir_nec_send.o(.data)
    s_nec_frame_bit_half_len                 0x20000185   Data           1  ir_nec_send.o(.data)
    s_nec_frame_data                         0x20000188   Data           4  ir_nec_send.o(.data)
    s_nec_frame_data_len                     0x2000018c   Data           1  ir_nec_send.o(.data)
    ir_rc5_data                              0x20000190   Data           4  ir_rc5_send.o(.data)
    s_rc5_addr                               0x20000195   Data           1  ir_rc5_send.o(.data)
    s_rc5_command                            0x20000196   Data           1  ir_rc5_send.o(.data)
    s_rc5_bit_half_time                      0x20000197   Data           1  ir_rc5_send.o(.data)
    s_rc5_frame_data                         0x20000198   Data           4  ir_rc5_send.o(.data)
    s_rc5_frame_data_len                     0x2000019c   Data           1  ir_rc5_send.o(.data)
    IrReceiveState                           0x2000019e   Data           1  ir_receiver.o(.data)
    s_bit_edges_count                        0x2000019f   Data           1  ir_receiver.o(.data)
    s_bit_value                              0x200001a0   Data           1  ir_receiver.o(.data)
    s_rc5_bit_count                          0x200001a1   Data           1  ir_receiver.o(.data)
    s_nec_bit_count                          0x200001a2   Data           1  ir_receiver.o(.data)
    s_receive_data_len                       0x200001a4   Data           2  ir_receiver.o(.data)
    uwTick                                   0x200001a8   Data           4  stm32f0xx_hal.o(.data)
    SystemCoreClock                          0x200001ac   Data           4  system_stm32f0xx.o(.data)
    __stdout                                 0x200001b0   Data           4  stdout.o(.data)
    UserInfoStruct                           0x200001b4   Data          20  app_info.o(.bss)
    gDATABUF                                 0x200001c8   Data         512  main.o(.bss)
    ir_air_command                           0x200003c8   Data         150  app_infrared.o(.bss)
    Tim15Handle                              0x20000460   Data          64  timer.o(.bss)
    Uart2Handle                              0x200004a0   Data         112  usart.o(.bss)
    SpiHandle                                0x20000510   Data         100  spi.o(.bss)
    Uart1Handle                              0x20000590   Data         112  m485.o(.bss)
    IwdgHandle                               0x20000600   Data          16  iwdg.o(.bss)
    Tim14Handle                              0x20000610   Data          64  iwdg.o(.bss)
    nec_compare_tim                          0x20000650   Data          64  ir_nec_send.o(.bss)
    nec_38kPWM_tim                           0x20000690   Data          64  ir_nec_send.o(.bss)
    nec_frame_send                           0x200006d0   Data         136  ir_nec_send.o(.bss)
    rc5_compare_tim                          0x20000758   Data          64  ir_rc5_send.o(.bss)
    rc5_36kPWM_tim                           0x20000798   Data          64  ir_rc5_send.o(.bss)
    receive_tim                              0x200007d8   Data          64  ir_receiver.o(.bss)
    s_rc5_receive_frame_data                 0x20000818   Data          12  ir_receiver.o(.bss)
    s_nec_receive_frame_data                 0x20000824   Data          32  ir_receiver.o(.bss)
    s_receive_data                           0x20000844   Data         200  ir_receiver.o(.bss)
    pFlash                                   0x20000910   Data          32  stm32f0xx_hal_flash.o(.bss)
    __initial_sp                             0x20000d30   Data           0  startup_stm32f030x8.o(STACK)



==============================================================================

Memory Map of the image

  Image Entry point : 0x080000b5

  Load Region LR_IROM1 (Base: 0x08000000, Size: 0x000073b8, Max: 0x00010000, ABSOLUTE, COMPRESSED[0x000072c4])

    Execution Region ER_IROM1 (Base: 0x08000000, Size: 0x00007204, Max: 0x00010000, ABSOLUTE)

    Base Addr    Size         Type   Attr      Idx    E Section Name        Object

    0x08000000   0x000000b4   Data   RO         4873    RESET               startup_stm32f030x8.o
    0x080000b4   0x00000000   Code   RO         4878  * .ARM.Collect$$$$00000000  mc_p.l(entry.o)
    0x080000b4   0x00000004   Code   RO         5166    .ARM.Collect$$$$00000001  mc_p.l(entry2.o)
    0x080000b8   0x00000004   Code   RO         5169    .ARM.Collect$$$$00000004  mc_p.l(entry5.o)
    0x080000bc   0x00000000   Code   RO         5171    .ARM.Collect$$$$00000008  mc_p.l(entry7b.o)
    0x080000bc   0x00000000   Code   RO         5173    .ARM.Collect$$$$0000000A  mc_p.l(entry8b.o)
    0x080000bc   0x00000008   Code   RO         5174    .ARM.Collect$$$$0000000B  mc_p.l(entry9a.o)
    0x080000c4   0x00000000   Code   RO         5176    .ARM.Collect$$$$0000000D  mc_p.l(entry10a.o)
    0x080000c4   0x00000000   Code   RO         5178    .ARM.Collect$$$$0000000F  mc_p.l(entry11a.o)
    0x080000c4   0x00000004   Code   RO         5167    .ARM.Collect$$$$00002712  mc_p.l(entry2.o)
    0x080000c8   0x0000001c   Code   RO         4874    .text               startup_stm32f030x8.o
    0x080000e4   0x0000002c   Code   RO         4881    .text               mc_p.l(uidiv.o)
    0x08000110   0x00000022   Code   RO         4883    .text               mc_p.l(llushr.o)
    0x08000132   0x00000024   Code   RO         4885    .text               mc_p.l(memcpya.o)
    0x08000156   0x0000001a   Code   RO         4887    .text               mc_p.l(memcmp.o)
    0x08000170   0x00000060   Code   RO         5181    .text               mc_p.l(uldiv.o)
    0x080001d0   0x00000024   Code   RO         5198    .text               mc_p.l(init.o)
    0x080001f4   0x00000020   Code   RO         5200    .text               mc_p.l(llshl.o)
    0x08000214   0x00000056   Code   RO         5212    .text               mc_p.l(__dczerorl2.o)
    0x0800026a   0x00000002   PAD
    0x0800026c   0x00000028   Code   RO          774    i.APP_Infrared_Download  app_infrared.o
    0x08000294   0x0000001c   Code   RO          775    i.APP_Infrared_Export  app_infrared.o
    0x080002b0   0x00000008   Code   RO          776    i.APP_Infrared_Init  app_infrared.o
    0x080002b8   0x000001a8   Code   RO          777    i.APP_Infrared_Receive  app_infrared.o
    0x08000460   0x000000c0   Code   RO          778    i.APP_Infrared_Send  app_infrared.o
    0x08000520   0x000000a0   Code   RO          401    i.APP_W5500_Init    app_w5500.o
    0x080005c0   0x000002a4   Code   RO          402    i.APP_W5500_NetworkInit  app_w5500.o
    0x08000864   0x00000028   Code   RO          403    i.APP_W5500_Reset   app_w5500.o
    0x0800088c   0x00000054   Code   RO         1446    i.BSP_LED_Init      led.o
    0x080008e0   0x00000014   Code   RO         1447    i.BSP_LED_Off       led.o
    0x080008f4   0x00000014   Code   RO         1448    i.BSP_LED_On        led.o
    0x08000908   0x00000014   Code   RO         1449    i.BSP_LED_Toggle    led.o
    0x0800091c   0x0000001a   Code   RO            3    i.Communication_BytesChecker  app_communication.o
    0x08000936   0x00000002   PAD
    0x08000938   0x00000030   Code   RO            4    i.Communication_ChangIp  app_communication.o
    0x08000968   0x0000022c   Code   RO            8    i.Communication_DealData  app_communication.o
    0x08000b94   0x00000010   Code   RO            9    i.Communication_Error_Handle  app_communication.o
    0x08000ba4   0x00000068   Code   RO           10    i.Communication_GetDevInfo  app_communication.o
    0x08000c0c   0x00000018   Code   RO           12    i.Communication_GetHeartBeatInfo  app_communication.o
    0x08000c24   0x00000034   Code   RO           15    i.Communication_IRExportData  app_communication.o
    0x08000c58   0x00000030   Code   RO           16    i.Communication_IRImportData  app_communication.o
    0x08000c88   0x00000024   Code   RO           17    i.Communication_IRLearn  app_communication.o
    0x08000cac   0x00000024   Code   RO           18    i.Communication_IRPerform  app_communication.o
    0x08000cd0   0x00000308   Code   RO           27    i.Communication_Tcps  app_communication.o
    0x08000fd8   0x00000020   Code   RO          437    i.EXTI4_15_IRQHandler  stm32f0xx_it.o
    0x08000ff8   0x0000000c   Code   RO          638    i.Error_Handler     main.o
    0x08001004   0x00000028   Code   RO         4431    i.FLASH_MassErase   stm32f0xx_hal_flash_ex.o
    0x0800102c   0x0000002c   Code   RO         4440    i.FLASH_PageErase   stm32f0xx_hal_flash_ex.o
    0x08001058   0x00000020   Code   RO         4332    i.FLASH_Program_HalfWord  stm32f0xx_hal_flash.o
    0x08001078   0x00000048   Code   RO         4333    i.FLASH_SetErrorCode  stm32f0xx_hal_flash.o
    0x080010c0   0x00000068   Code   RO         4334    i.FLASH_WaitForLastOperation  stm32f0xx_hal_flash.o
    0x08001128   0x00000028   Code   RO         1484    i.Flash_User_Erase  flash.o
    0x08001150   0x00000018   Code   RO         1485    i.Flash_User_Init   flash.o
    0x08001168   0x00000010   Code   RO         1486    i.Flash_User_Read_One_Word  flash.o
    0x08001178   0x00000020   Code   RO         1487    i.Flash_User_Write_One_Word  flash.o
    0x08001198   0x00000058   Code   RO         2460    i.HAL_DMA_Abort_IT  stm32f0xx_hal_dma.o
    0x080011f0   0x00000020   Code   RO         2055    i.HAL_Delay         stm32f0xx_hal.o
    0x08001210   0x000000ac   Code   RO         4441    i.HAL_FLASHEx_Erase  stm32f0xx_hal_flash_ex.o
    0x080012bc   0x00000014   Code   RO         4338    i.HAL_FLASH_Lock    stm32f0xx_hal_flash.o
    0x080012d0   0x000000bc   Code   RO         4343    i.HAL_FLASH_Program  stm32f0xx_hal_flash.o
    0x0800138c   0x0000002c   Code   RO         4345    i.HAL_FLASH_Unlock  stm32f0xx_hal_flash.o
    0x080013b8   0x000001f0   Code   RO         2556    i.HAL_GPIO_Init     stm32f0xx_hal_gpio.o
    0x080015a8   0x00000008   Code   RO         2559    i.HAL_GPIO_TogglePin  stm32f0xx_hal_gpio.o
    0x080015b0   0x0000000c   Code   RO         2560    i.HAL_GPIO_WritePin  stm32f0xx_hal_gpio.o
    0x080015bc   0x0000000c   Code   RO         2059    i.HAL_GetTick       stm32f0xx_hal.o
    0x080015c8   0x00000010   Code   RO         2063    i.HAL_IncTick       stm32f0xx_hal.o
    0x080015d8   0x00000020   Code   RO         2064    i.HAL_Init          stm32f0xx_hal.o
    0x080015f8   0x00000026   Code   RO         2065    i.HAL_InitTick      stm32f0xx_hal.o
    0x0800161e   0x00000002   Code   RO         2067    i.HAL_MspInit       stm32f0xx_hal.o
    0x08001620   0x00000018   Code   RO         2364    i.HAL_NVIC_DisableIRQ  stm32f0xx_hal_cortex.o
    0x08001638   0x00000018   Code   RO         2365    i.HAL_NVIC_EnableIRQ  stm32f0xx_hal_cortex.o
    0x08001650   0x00000012   Code   RO         2369    i.HAL_NVIC_SetPriority  stm32f0xx_hal_cortex.o
    0x08001662   0x00000002   PAD
    0x08001664   0x00000194   Code   RO         4209    i.HAL_RCC_ClockConfig  stm32f0xx_hal_rcc.o
    0x080017f8   0x0000000c   Code   RO         4214    i.HAL_RCC_GetHCLKFreq  stm32f0xx_hal_rcc.o
    0x08001804   0x00000024   Code   RO         4216    i.HAL_RCC_GetPCLK1Freq  stm32f0xx_hal_rcc.o
    0x08001828   0x000000c4   Code   RO         4217    i.HAL_RCC_GetSysClockFreq  stm32f0xx_hal_rcc.o
    0x080018ec   0x0000054c   Code   RO         4220    i.HAL_RCC_OscConfig  stm32f0xx_hal_rcc.o
    0x08001e38   0x0000000c   Code   RO          974    i.HAL_SPI_ErrorCallback  spi.o
    0x08001e44   0x00000158   Code   RO         2625    i.HAL_SPI_IRQHandler  stm32f0xx_hal_spi.o
    0x08001f9c   0x0000010a   Code   RO         2626    i.HAL_SPI_Init      stm32f0xx_hal_spi.o
    0x080020a6   0x00000002   PAD
    0x080020a8   0x00000104   Code   RO          976    i.HAL_SPI_MspInit   spi.o
    0x080021ac   0x000002dc   Code   RO         2629    i.HAL_SPI_Receive   stm32f0xx_hal_spi.o
    0x08002488   0x0000021a   Code   RO         2634    i.HAL_SPI_Transmit  stm32f0xx_hal_spi.o
    0x080026a2   0x00000002   PAD
    0x080026a4   0x0000041c   Code   RO         2635    i.HAL_SPI_TransmitReceive  stm32f0xx_hal_spi.o
    0x08002ac0   0x00000038   Code   RO         2373    i.HAL_SYSTICK_Config  stm32f0xx_hal_cortex.o
    0x08002af8   0x00000002   Code   RO         4559    i.HAL_TIMEx_BreakCallback  stm32f0xx_hal_tim_ex.o
    0x08002afa   0x00000002   Code   RO         4560    i.HAL_TIMEx_CommutationCallback  stm32f0xx_hal_tim_ex.o
    0x08002afc   0x000000a6   Code   RO         4561    i.HAL_TIMEx_ConfigBreakDeadTime  stm32f0xx_hal_tim_ex.o
    0x08002ba2   0x00000038   Code   RO         2960    i.HAL_TIM_Base_Init  stm32f0xx_hal_tim.o
    0x08002bda   0x00000002   PAD
    0x08002bdc   0x0000003c   Code   RO          908    i.HAL_TIM_Base_MspInit  timer.o
    0x08002c18   0x0000001e   Code   RO         2965    i.HAL_TIM_Base_Start_IT  stm32f0xx_hal_tim.o
    0x08002c36   0x00000002   PAD
    0x08002c38   0x00000068   Code   RO         1670    i.HAL_TIM_IC_CaptureCallback  iwdg.o
    0x08002ca0   0x000001c8   Code   RO         3004    i.HAL_TIM_IRQHandler  stm32f0xx_hal_tim.o
    0x08002e68   0x00000002   Code   RO         3007    i.HAL_TIM_OC_DelayElapsedCallback  stm32f0xx_hal_tim.o
    0x08002e6a   0x00000002   PAD
    0x08002e6c   0x000000b8   Code   RO         3014    i.HAL_TIM_OC_Start_IT  stm32f0xx_hal_tim.o
    0x08002f24   0x000000f4   Code   RO         3017    i.HAL_TIM_OC_Stop_IT  stm32f0xx_hal_tim.o
    0x08003018   0x00000112   Code   RO         3028    i.HAL_TIM_PWM_ConfigChannel  stm32f0xx_hal_tim.o
    0x0800312a   0x00000038   Code   RO         3031    i.HAL_TIM_PWM_Init  stm32f0xx_hal_tim.o
    0x08003162   0x00000002   PAD
    0x08003164   0x00000078   Code   RO         1567    i.HAL_TIM_PWM_MspInit  pwm.o
    0x080031dc   0x00000002   Code   RO         3034    i.HAL_TIM_PWM_PulseFinishedCallback  stm32f0xx_hal_tim.o
    0x080031de   0x00000002   PAD
    0x080031e0   0x000000b8   Code   RO         3037    i.HAL_TIM_PWM_Start_IT  stm32f0xx_hal_tim.o
    0x08003298   0x000000f4   Code   RO         3040    i.HAL_TIM_PWM_Stop_IT  stm32f0xx_hal_tim.o
    0x0800338c   0x00000028   Code   RO          909    i.HAL_TIM_PeriodElapsedCallback  timer.o
    0x080033b4   0x00000058   Code   RO         3042    i.HAL_TIM_ReadCapturedValue  stm32f0xx_hal_tim.o
    0x0800340c   0x00000002   Code   RO         3045    i.HAL_TIM_TriggerCallback  stm32f0xx_hal_tim.o
    0x0800340e   0x00000002   PAD
    0x08003410   0x00000044   Code   RO          679    i.HAL_UART_ErrorCallback  stm32f0xx_hal_msp.o
    0x08003454   0x00000194   Code   RO         3631    i.HAL_UART_IRQHandler  stm32f0xx_hal_uart.o
    0x080035e8   0x00000082   Code   RO         3632    i.HAL_UART_Init     stm32f0xx_hal_uart.o
    0x0800366a   0x00000002   PAD
    0x0800366c   0x00000160   Code   RO          681    i.HAL_UART_MspInit  stm32f0xx_hal_msp.o
    0x080037cc   0x00000018   Code   RO          682    i.HAL_UART_RxCpltCallback  stm32f0xx_hal_msp.o
    0x080037e4   0x0000007c   Code   RO         3642    i.HAL_UART_Transmit_IT  stm32f0xx_hal_uart.o
    0x08003860   0x00000030   Code   RO          683    i.HAL_UART_TxCpltCallback  stm32f0xx_hal_msp.o
    0x08003890   0x00000004   Code   RO          438    i.HardFault_Handler  stm32f0xx_it.o
    0x08003894   0x00000234   Code   RO         1921    i.IR_Decod_Data     ir_receiver.o
    0x08003ac8   0x0000003c   Code   RO         1922    i.IR_Receive_Data   ir_receiver.o
    0x08003b04   0x0000000a   Code   RO         1923    i.IR_Receiver_EXTI_Start  ir_receiver.o
    0x08003b0e   0x0000000a   Code   RO         1924    i.IR_Receiver_EXTI_Stop  ir_receiver.o
    0x08003b18   0x00000012   Code   RO         1925    i.IR_Receiver_GPIO_EXTI_Back  ir_receiver.o
    0x08003b2a   0x0000000c   Code   RO         1926    i.IR_Receiver_Init  ir_receiver.o
    0x08003b36   0x00000002   PAD
    0x08003b38   0x00000028   Code   RO         1927    i.IR_Receiver_Time_Out_Back  ir_receiver.o
    0x08003b60   0x00000084   Code   RO          533    i.Info_MemoryAllRead  app_info.o
    0x08003be4   0x00000094   Code   RO          534    i.Info_MemoryAllWrite  app_info.o
    0x08003c78   0x00000090   Code   RO          535    i.Info_MemoryInit   app_info.o
    0x08003d08   0x00000038   Code   RO          536    i.Info_ReadHardVer  app_info.o
    0x08003d40   0x0000003c   Code   RO          537    i.Info_ReadIp       app_info.o
    0x08003d7c   0x00000038   Code   RO          539    i.Info_ReadSoftVer  app_info.o
    0x08003db4   0x0000001c   Code   RO          541    i.Info_WriteIp      app_info.o
    0x08003dd0   0x000000ec   Code   RO          779    i.Infrared_Command_Parsing  app_infrared.o
    0x08003ebc   0x00000024   Code   RO          780    i.Infrared_Command_Store  app_infrared.o
    0x08003ee0   0x00000026   Code   RO          781    i.Infrared_Flash_Pages_Erase  app_infrared.o
    0x08003f06   0x00000070   Code   RO          782    i.Infrared_Flash_Write_Byte  app_infrared.o
    0x08003f76   0x00000002   PAD
    0x08003f78   0x000001d8   Code   RO          783    i.Infrared_TIM_IRQHandler  app_infrared.o
    0x08004150   0x00000088   Code   RO          784    i.Load_Infrared_Command  app_infrared.o
    0x080041d8   0x0000007c   Code   RO         1723    i.NEC_38kPWM_Configuration  ir_nec_send.o
    0x08004254   0x00000010   Code   RO         1724    i.NEC_38kPWM_Out    ir_nec_send.o
    0x08004264   0x00000010   Code   RO         1725    i.NEC_38kPWM_Stop   ir_nec_send.o
    0x08004274   0x0000018c   Code   RO         1726    i.NEC_Data_Decod    ir_nec_send.o
    0x08004400   0x00000024   Code   RO         1928    i.NEC_IR_Receiver_Turn  ir_receiver.o
    0x08004424   0x00000060   Code   RO         1727    i.NEC_Send_Data     ir_nec_send.o
    0x08004484   0x0000004c   Code   RO         1728    i.NEC_Send_GPIO_Configuration  ir_nec_send.o
    0x080044d0   0x00000010   Code   RO         1729    i.NEC_Send_Init     ir_nec_send.o
    0x080044e0   0x0000000e   Code   RO         1730    i.NEC_Send_Start    ir_nec_send.o
    0x080044ee   0x0000002e   Code   RO         1731    i.NEC_Send_TIM_Base_Init  ir_nec_send.o
    0x0800451c   0x00000084   Code   RO         1732    i.NEC_Send_TIM_Base_MspInit  ir_nec_send.o
    0x080045a0   0x00000014   Code   RO         1733    i.NEC_Send_Time_Out_Back  ir_nec_send.o
    0x080045b4   0x00000044   Code   RO         1734    i.NEC_Timer_Compare_Configuration  ir_nec_send.o
    0x080045f8   0x00000014   Code   RO         1735    i.NEC_Timer_Compare_Set  ir_nec_send.o
    0x0800460c   0x00000014   Code   RO         1929    i.NEC_Timer_Compare_Set  ir_receiver.o
    0x08004620   0x00000010   Code   RO         1736    i.NEC_Timer_Compare_Start  ir_nec_send.o
    0x08004630   0x00000010   Code   RO         1930    i.NEC_Timer_Compare_Start  ir_receiver.o
    0x08004640   0x00000010   Code   RO         1737    i.NEC_Timer_Compare_Stop  ir_nec_send.o
    0x08004650   0x00000010   Code   RO         1931    i.NEC_Timer_Compare_Stop  ir_receiver.o
    0x08004660   0x00000014   Code   RO         1932    i.NEC_Timer_Start   ir_receiver.o
    0x08004674   0x00000002   Code   RO          439    i.NMI_Handler       stm32f0xx_it.o
    0x08004676   0x00000002   PAD
    0x08004678   0x00000078   Code   RO         2375    i.NVIC_SetPriority  stm32f0xx_hal_cortex.o
    0x080046f0   0x00000002   Code   RO          440    i.PendSV_Handler    stm32f0xx_it.o
    0x080046f2   0x00000002   PAD
    0x080046f4   0x0000008c   Code   RO          639    i.Platform_Init     main.o
    0x08004780   0x0000007c   Code   RO         1822    i.RC5_36kPWM_Configuration  ir_rc5_send.o
    0x080047fc   0x00000010   Code   RO         1823    i.RC5_36kPWM_Out    ir_rc5_send.o
    0x0800480c   0x00000010   Code   RO         1824    i.RC5_36kPWM_Stop   ir_rc5_send.o
    0x0800481c   0x0000007c   Code   RO         1825    i.RC5_Data_Decod    ir_rc5_send.o
    0x08004898   0x00000024   Code   RO         1933    i.RC5_IR_Receiver_Turn  ir_receiver.o
    0x080048bc   0x00000088   Code   RO         1826    i.RC5_Send_Data     ir_rc5_send.o
    0x08004944   0x0000004c   Code   RO         1827    i.RC5_Send_GPIO_Configuration  ir_rc5_send.o
    0x08004990   0x00000010   Code   RO         1828    i.RC5_Send_Init     ir_rc5_send.o
    0x080049a0   0x0000000e   Code   RO         1829    i.RC5_Send_Start    ir_rc5_send.o
    0x080049ae   0x0000002e   Code   RO         1830    i.RC5_Send_TIM_Base_Init  ir_rc5_send.o
    0x080049dc   0x00000084   Code   RO         1831    i.RC5_Send_TIM_Base_MspInit  ir_rc5_send.o
    0x08004a60   0x00000014   Code   RO         1832    i.RC5_Send_Time_Out_Back  ir_rc5_send.o
    0x08004a74   0x00000044   Code   RO         1833    i.RC5_Timer_Compare_Configuration  ir_rc5_send.o
    0x08004ab8   0x00000014   Code   RO         1834    i.RC5_Timer_Compare_Set  ir_rc5_send.o
    0x08004acc   0x00000010   Code   RO         1835    i.RC5_Timer_Compare_Start  ir_rc5_send.o
    0x08004adc   0x00000010   Code   RO         1836    i.RC5_Timer_Compare_Stop  ir_rc5_send.o
    0x08004aec   0x00000050   Code   RO         1934    i.Receive_GPIO_Configuration  ir_receiver.o
    0x08004b3c   0x0000002e   Code   RO         1937    i.Receive_TIM_Base_Init  ir_receiver.o
    0x08004b6a   0x00000002   PAD
    0x08004b6c   0x00000048   Code   RO         1938    i.Receive_TIM_Base_MspInit  ir_receiver.o
    0x08004bb4   0x00000008   Code   RO         1939    i.Receive_Timer_Configuration  ir_receiver.o
    0x08004bbc   0x00000010   Code   RO          441    i.SPI1_IRQHandler   stm32f0xx_it.o
    0x08004bcc   0x00000002   Code   RO          978    i.SPI_CrisEnter     spi.o
    0x08004bce   0x00000002   Code   RO          979    i.SPI_CrisExit      spi.o
    0x08004bd0   0x00000010   Code   RO          980    i.SPI_CsDeselect    spi.o
    0x08004be0   0x00000012   Code   RO          981    i.SPI_CsSelect      spi.o
    0x08004bf2   0x00000018   Code   RO         2655    i.SPI_DMAAbortOnError  stm32f0xx_hal_spi.o
    0x08004c0a   0x0000008e   Code   RO         2665    i.SPI_EndRxTransaction  stm32f0xx_hal_spi.o
    0x08004c98   0x0000006a   Code   RO         2666    i.SPI_EndRxTxTransaction  stm32f0xx_hal_spi.o
    0x08004d02   0x00000002   PAD
    0x08004d04   0x00000054   Code   RO          982    i.SPI_Init          spi.o
    0x08004d58   0x00000044   Code   RO          983    i.SPI_Recv          spi.o
    0x08004d9c   0x00000038   Code   RO          984    i.SPI_Send          spi.o
    0x08004dd4   0x000000b4   Code   RO         2673    i.SPI_WaitFifoStateUntilTimeout  stm32f0xx_hal_spi.o
    0x08004e88   0x000000a8   Code   RO         2674    i.SPI_WaitFlagStateUntilTimeout  stm32f0xx_hal_spi.o
    0x08004f30   0x00000002   Code   RO          442    i.SVC_Handler       stm32f0xx_it.o
    0x08004f32   0x00000008   Code   RO          443    i.SysTick_Handler   stm32f0xx_it.o
    0x08004f3a   0x0000004a   Code   RO          640    i.SystemClock_Config  main.o
    0x08004f84   0x00000074   Code   RO         4841    i.SystemInit        system_stm32f0xx.o
    0x08004ff8   0x00000010   Code   RO          444    i.TIM14_IRQHandler  stm32f0xx_it.o
    0x08005008   0x00000010   Code   RO          445    i.TIM15_IRQHandler  stm32f0xx_it.o
    0x08005018   0x00000010   Code   RO          446    i.TIM16_IRQHandler  stm32f0xx_it.o
    0x08005028   0x00000010   Code   RO          447    i.TIM17_IRQHandler  stm32f0xx_it.o
    0x08005038   0x000000a0   Code   RO         3046    i.TIM_Base_SetConfig  stm32f0xx_hal_tim.o
    0x080050d8   0x0000001c   Code   RO         3047    i.TIM_CCxChannelCmd  stm32f0xx_hal_tim.o
    0x080050f4   0x000000b4   Code   RO         3055    i.TIM_OC1_SetConfig  stm32f0xx_hal_tim.o
    0x080051a8   0x000000c8   Code   RO         3056    i.TIM_OC2_SetConfig  stm32f0xx_hal_tim.o
    0x08005270   0x000000c4   Code   RO         3057    i.TIM_OC3_SetConfig  stm32f0xx_hal_tim.o
    0x08005334   0x00000088   Code   RO         3058    i.TIM_OC4_SetConfig  stm32f0xx_hal_tim.o
    0x080053bc   0x00000044   Code   RO         1940    i.Timer_Frame_Time_Out_Configuration  ir_receiver.o
    0x08005400   0x00000054   Code   RO          910    i.Timer_Init        timer.o
    0x08005454   0x000000f0   Code   RO         3645    i.UART_AdvFeatureConfig  stm32f0xx_hal_uart.o
    0x08005544   0x0000001e   Code   RO         3646    i.UART_CheckIdleState  stm32f0xx_hal_uart.o
    0x08005562   0x00000018   Code   RO         3647    i.UART_DMAAbortOnError  stm32f0xx_hal_uart.o
    0x0800557a   0x00000022   Code   RO         3657    i.UART_EndRxTransfer  stm32f0xx_hal_uart.o
    0x0800559c   0x00000020   Code   RO         3658    i.UART_EndTransmit_IT  stm32f0xx_hal_uart.o
    0x080055bc   0x0000008e   Code   RO         3660    i.UART_Receive_IT   stm32f0xx_hal_uart.o
    0x0800564a   0x00000002   PAD
    0x0800564c   0x000001e4   Code   RO         3661    i.UART_SetConfig    stm32f0xx_hal_uart.o
    0x08005830   0x00000072   Code   RO         3662    i.UART_Transmit_IT  stm32f0xx_hal_uart.o
    0x080058a2   0x00000002   PAD
    0x080058a4   0x00000010   Code   RO          448    i.USART1_IRQHandler  stm32f0xx_it.o
    0x080058b4   0x00000010   Code   RO          449    i.USART2_IRQHandler  stm32f0xx_it.o
    0x080058c4   0x0000003c   Code   RO          944    i.USART2_Init       usart.o
    0x08005900   0x00000088   Code   RO         1138    i.WIZCHIP_READ      w5500.o
    0x08005988   0x000000a0   Code   RO         1139    i.WIZCHIP_READ_BUF  w5500.o
    0x08005a28   0x00000084   Code   RO         1140    i.WIZCHIP_WRITE     w5500.o
    0x08005aac   0x0000009c   Code   RO         1141    i.WIZCHIP_WRITE_BUF  w5500.o
    0x08005b48   0x00000020   Code   RO         5098    i.__0printf$8       mc_p.l(printf8.o)
    0x08005b68   0x0000002c   Code   RO         5099    i.__0snprintf$8     mc_p.l(printf8.o)
    0x08005b94   0x0000001c   Code   RO          164    i.__ARM_common_switch8  app_communication.o
    0x08005bb0   0x0000000e   Code   RO         5206    i.__scatterload_copy  mc_p.l(handlers.o)
    0x08005bbe   0x00000002   Code   RO         5207    i.__scatterload_null  mc_p.l(handlers.o)
    0x08005bc0   0x0000000e   Code   RO         5208    i.__scatterload_zeroinit  mc_p.l(handlers.o)
    0x08005bce   0x00000002   PAD
    0x08005bd0   0x00000428   Code   RO         5105    i._printf_core      mc_p.l(printf8.o)
    0x08005ff8   0x00000020   Code   RO         5106    i._printf_post_padding  mc_p.l(printf8.o)
    0x08006018   0x0000002c   Code   RO         5107    i._printf_pre_padding  mc_p.l(printf8.o)
    0x08006044   0x00000016   Code   RO         5108    i._snputc           mc_p.l(printf8.o)
    0x0800605a   0x00000002   PAD
    0x0800605c   0x0000009c   Code   RO         1056    i.close             socket.o
    0x080060f8   0x00000050   Code   RO         1203    i.ctlnetwork        wizchip_conf.o
    0x08006148   0x00000114   Code   RO         1204    i.ctlwizchip        wizchip_conf.o
    0x0800625c   0x000000b8   Code   RO         1059    i.disconnect        socket.o
    0x08006314   0x00000034   Code   RO          945    i.fputc             usart.o
    0x08006348   0x0000006e   Code   RO         1142    i.getSn_RX_RSR      w5500.o
    0x080063b6   0x0000006e   Code   RO         1143    i.getSn_TX_FSR      w5500.o
    0x08006424   0x00000096   Code   RO         1061    i.listen            socket.o
    0x080064ba   0x00000002   PAD
    0x080064bc   0x00000080   Code   RO          641    i.main              main.o
    0x0800653c   0x00000030   Code   RO          544    i.printf_array      app_info.o
    0x0800656c   0x00000120   Code   RO         1062    i.recv              socket.o
    0x0800668c   0x0000002c   Code   RO         1206    i.reg_wizchip_cris_cbfunc  wizchip_conf.o
    0x080066b8   0x0000002c   Code   RO         1207    i.reg_wizchip_cs_cbfunc  wizchip_conf.o
    0x080066e4   0x0000003c   Code   RO         1208    i.reg_wizchip_spi_cbfunc  wizchip_conf.o
    0x08006720   0x00000178   Code   RO         1064    i.send              socket.o
    0x08006898   0x00000184   Code   RO         1066    i.setsockopt        socket.o
    0x08006a1c   0x00000194   Code   RO         1067    i.socket            socket.o
    0x08006bb0   0x00000086   Code   RO         1144    i.wiz_recv_data     w5500.o
    0x08006c36   0x00000086   Code   RO         1146    i.wiz_send_data     w5500.o
    0x08006cbc   0x00000022   Code   RO         1212    i.wizchip_clrinterrupt  wizchip_conf.o
    0x08006cde   0x00000002   Code   RO         1213    i.wizchip_cris_enter  wizchip_conf.o
    0x08006ce0   0x00000002   Code   RO         1214    i.wizchip_cris_exit  wizchip_conf.o
    0x08006ce2   0x00000002   Code   RO         1215    i.wizchip_cs_deselect  wizchip_conf.o
    0x08006ce4   0x00000002   Code   RO         1216    i.wizchip_cs_select  wizchip_conf.o
    0x08006ce6   0x0000002c   Code   RO         1217    i.wizchip_getinterrupt  wizchip_conf.o
    0x08006d12   0x00000028   Code   RO         1218    i.wizchip_getinterruptmask  wizchip_conf.o
    0x08006d3a   0x00000002   PAD
    0x08006d3c   0x0000005c   Code   RO         1219    i.wizchip_getnetinfo  wizchip_conf.o
    0x08006d98   0x0000000a   Code   RO         1220    i.wizchip_getnetmode  wizchip_conf.o
    0x08006da2   0x00000026   Code   RO         1221    i.wizchip_gettimeout  wizchip_conf.o
    0x08006dc8   0x00000090   Code   RO         1222    i.wizchip_init      wizchip_conf.o
    0x08006e58   0x0000001e   Code   RO         1223    i.wizchip_setinterruptmask  wizchip_conf.o
    0x08006e76   0x00000002   PAD
    0x08006e78   0x00000058   Code   RO         1224    i.wizchip_setnetinfo  wizchip_conf.o
    0x08006ed0   0x0000002e   Code   RO         1225    i.wizchip_setnetmode  wizchip_conf.o
    0x08006efe   0x00000026   Code   RO         1226    i.wizchip_settimeout  wizchip_conf.o
    0x08006f24   0x00000004   Code   RO         1228    i.wizchip_spi_readbyte  wizchip_conf.o
    0x08006f28   0x00000002   Code   RO         1230    i.wizchip_spi_writebyte  wizchip_conf.o
    0x08006f2a   0x00000072   Code   RO         1231    i.wizchip_sw_reset  wizchip_conf.o
    0x08006f9c   0x0000007a   Code   RO         1232    i.wizphy_getphyconf  wizchip_conf.o
    0x08007016   0x0000001c   Code   RO         1233    i.wizphy_getphylink  wizchip_conf.o
    0x08007032   0x0000001e   Code   RO         1234    i.wizphy_getphypmode  wizchip_conf.o
    0x08007050   0x00000038   Code   RO         1236    i.wizphy_reset      wizchip_conf.o
    0x08007088   0x0000005c   Code   RO         1237    i.wizphy_setphyconf  wizchip_conf.o
    0x080070e4   0x0000006c   Code   RO         1238    i.wizphy_setphypmode  wizchip_conf.o
    0x08007150   0x00000010   Data   RO          404    .constdata          app_w5500.o
    0x08007160   0x00000024   Data   RO          546    .constdata          app_info.o
    0x08007184   0x00000018   Data   RO         4842    .constdata          system_stm32f0xx.o
    0x0800719c   0x00000047   Data   RO          786    .conststring        app_infrared.o
    0x080071e3   0x00000001   PAD
    0x080071e4   0x00000020   Data   RO         5204    Region$$Table       anon$$obj.o


    Execution Region RW_IRAM1 (Base: 0x20000000, Size: 0x00000d30, Max: 0x00002000, ABSOLUTE, COMPRESSED[0x000000c0])

    Base Addr    Size         Type   Attr      Idx    E Section Name        Object

    0x20000000   0x000000f2   Data   RW           28    .data               app_communication.o
    0x200000f2   0x00000017   Data   RW          405    .data               app_w5500.o
    0x20000109   0x00000003   PAD
    0x2000010c   0x00000014   Data   RW          787    .data               app_infrared.o
    0x20000120   0x00000004   Data   RW          912    .data               timer.o
    0x20000124   0x00000001   Data   RW          947    .data               usart.o
    0x20000125   0x00000003   PAD
    0x20000128   0x00000004   Data   RW          986    .data               spi.o
    0x2000012c   0x0000000e   Data   RW         1069    .data               socket.o
    0x2000013a   0x00000002   PAD
    0x2000013c   0x0000002d   Data   RW         1239    .data               wizchip_conf.o
    0x20000169   0x00000002   Data   RW         1529    .data               m485.o
    0x2000016b   0x00000001   PAD
    0x2000016c   0x00000010   Data   RW         1676    .data               iwdg.o
    0x2000017c   0x00000011   Data   RW         1739    .data               ir_nec_send.o
    0x2000018d   0x00000003   PAD
    0x20000190   0x0000000d   Data   RW         1838    .data               ir_rc5_send.o
    0x2000019d   0x00000001   PAD
    0x2000019e   0x00000008   Data   RW         1942    .data               ir_receiver.o
    0x200001a6   0x00000002   PAD
    0x200001a8   0x00000004   Data   RW         2070    .data               stm32f0xx_hal.o
    0x200001ac   0x00000004   Data   RW         4843    .data               system_stm32f0xx.o
    0x200001b0   0x00000004   Data   RW         5180    .data               mc_p.l(stdout.o)
    0x200001b4   0x00000014   Zero   RW          545    .bss                app_info.o
    0x200001c8   0x00000200   Zero   RW          642    .bss                main.o
    0x200003c8   0x00000096   Zero   RW          785    .bss                app_infrared.o
    0x2000045e   0x00000002   PAD
    0x20000460   0x00000040   Zero   RW          911    .bss                timer.o
    0x200004a0   0x00000070   Zero   RW          946    .bss                usart.o
    0x20000510   0x00000064   Zero   RW          985    .bss                spi.o
    0x20000574   0x00000010   Zero   RW         1068    .bss                socket.o
    0x20000584   0x0000000c   Zero   RW         1488    .bss                flash.o
    0x20000590   0x00000070   Zero   RW         1528    .bss                m485.o
    0x20000600   0x00000050   Zero   RW         1675    .bss                iwdg.o
    0x20000650   0x00000108   Zero   RW         1738    .bss                ir_nec_send.o
    0x20000758   0x00000080   Zero   RW         1837    .bss                ir_rc5_send.o
    0x200007d8   0x00000134   Zero   RW         1941    .bss                ir_receiver.o
    0x2000090c   0x00000004   PAD
    0x20000910   0x00000020   Zero   RW         4346    .bss                stm32f0xx_hal_flash.o
    0x20000930   0x00000400   Zero   RW         4871    STACK               startup_stm32f030x8.o


==============================================================================

Image component sizes


      Code (inc. data)   RO Data    RW Data    ZI Data      Debug   Object Name

      1750        388          0        242          0     295868   app_communication.o
       672        144         36          0         20       5676   app_info.o
      1722        306         71         20        150      10844   app_infrared.o
       876        324         16         23          0       2281   app_w5500.o
       112         12          0          0         12       2472   flash.o
      1072        120          0         17        264       9593   ir_nec_send.o
       840        110          0         13        128       8414   ir_rc5_send.o
      1132        126          0          8        308      11320   ir_receiver.o
       104         22          0         16         80       1264   iwdg.o
       144         26          0          0          0       2043   led.o
         0          0          0          2        112        841   m485.o
       354        122          0          0        512       2579   main.o
       120          4          0          0          0        938   pwm.o
      1946         74          0         14         16       6171   socket.o
       518         34          0          4        100       4837   spi.o
        28          8        180          0       1024        692   startup_stm32f030x8.o
       132         14          0          4          0       3901   stm32f0xx_hal.o
       242         32          0          0          0       9467   stm32f0xx_hal_cortex.o
        88          0          0          0          0        987   stm32f0xx_hal_dma.o
       460         52          0          0         32       3974   stm32f0xx_hal_flash.o
       256         30          0          0          0       2343   stm32f0xx_hal_flash_ex.o
       516         26          0          0          0       2677   stm32f0xx_hal_gpio.o
       492         46          0          0          0       2876   stm32f0xx_hal_msp.o
      2004        100          0          0          0       4769   stm32f0xx_hal_rcc.o
      3552         14          0          0          0      10183   stm32f0xx_hal_spi.o
      2722        174          0          0          0      13109   stm32f0xx_hal_tim.o
       170          0          0          0          0       2214   stm32f0xx_hal_tim_ex.o
      1758         36          0          0          0       7975   stm32f0xx_hal_uart.o
       162         42          0          0          0       5675   stm32f0xx_it.o
       116         12         24          4          0       1299   system_stm32f0xx.o
       184         26          0          4         64       2134   timer.o
       112         18          0          1        112       1495   usart.o
      1072         18          0          0          0       5584   w5500.o
      1672         92          0         45          0      19138   wizchip_conf.o

    ----------------------------------------------------------------------
     27144       2552        360        432       2940     465633   Object Totals
         0          0         32          0          0          0   (incl. Generated)
        44          0          1         15          6          0   (incl. Padding)

    ----------------------------------------------------------------------

      Code (inc. data)   RO Data    RW Data    ZI Data      Debug   Library Member Name

        86          0          0          0          0          0   __dczerorl2.o
         0          0          0          0          0          0   entry.o
         0          0          0          0          0          0   entry10a.o
         0          0          0          0          0          0   entry11a.o
         8          4          0          0          0          0   entry2.o
         4          0          0          0          0          0   entry5.o
         0          0          0          0          0          0   entry7b.o
         0          0          0          0          0          0   entry8b.o
         8          4          0          0          0          0   entry9a.o
        30          0          0          0          0          0   handlers.o
        36          8          0          0          0         68   init.o
        32          0          0          0          0         68   llshl.o
        34          0          0          0          0         68   llushr.o
        26          0          0          0          0         72   memcmp.o
        36          0          0          0          0         60   memcpya.o
      1238         58          0          0          0        468   printf8.o
         0          0          0          4          0          0   stdout.o
        44          0          0          0          0         72   uidiv.o
        96          0          0          0          0         84   uldiv.o

    ----------------------------------------------------------------------
      1684         74          0          4          0        960   Library Totals
         6          0          0          0          0          0   (incl. Padding)

    ----------------------------------------------------------------------

      Code (inc. data)   RO Data    RW Data    ZI Data      Debug   Library Name

      1678         74          0          4          0        960   mc_p.l

    ----------------------------------------------------------------------
      1684         74          0          4          0        960   Library Totals

    ----------------------------------------------------------------------

==============================================================================


      Code (inc. data)   RO Data    RW Data    ZI Data      Debug   

     28828       2626        360        436       2940     455861   Grand Totals
     28828       2626        360        192       2940     455861   ELF Image Totals (compressed)
     28828       2626        360        192          0          0   ROM Totals

==============================================================================

    Total RO  Size (Code + RO Data)                29188 (  28.50kB)
    Total RW  Size (RW Data + ZI Data)              3376 (   3.30kB)
    Total ROM Size (Code + RO Data + RW Data)      29380 (  28.69kB)

==============================================================================

